Archive member included to satisfy reference by file (symbol)

c:/program files (x86)/atmel/studio/7.0/toolchain/arm/arm-gnu-toolchain/bin/../lib/gcc/arm-none-eabi/6.2.1/thumb/v6-m\libgcc.a(_udivsi3.o)
                              src/ASF/common2/services/delay/sam0/systick_counter.o (__aeabi_uidiv)
c:/program files (x86)/atmel/studio/7.0/toolchain/arm/arm-gnu-toolchain/bin/../lib/gcc/arm-none-eabi/6.2.1/thumb/v6-m\libgcc.a(_divsi3.o)
                              src/ASF/sam0/drivers/usb/stack_interface/usb_device_udd.o (__aeabi_idivmod)
c:/program files (x86)/atmel/studio/7.0/toolchain/arm/arm-gnu-toolchain/bin/../lib/gcc/arm-none-eabi/6.2.1/thumb/v6-m\libgcc.a(_dvmd_tls.o)
                              c:/program files (x86)/atmel/studio/7.0/toolchain/arm/arm-gnu-toolchain/bin/../lib/gcc/arm-none-eabi/6.2.1/thumb/v6-m\libgcc.a(_udivsi3.o) (__aeabi_idiv0)
c:/program files (x86)/atmel/studio/7.0/toolchain/arm/arm-gnu-toolchain/bin/../lib/gcc/arm-none-eabi/6.2.1/thumb/v6-m\libgcc.a(_clzsi2.o)
                              src/ASF/sam0/drivers/usb/usb_sam_d_r/usb.o (__clzsi2)
c:/program files (x86)/atmel/studio/7.0/toolchain/arm/arm-gnu-toolchain/bin/../lib/gcc/arm-none-eabi/6.2.1/thumb/v6-m\libgcc.a(_ctzsi2.o)
                              src/ASF/sam0/drivers/usb/usb_sam_d_r/usb.o (__ctzsi2)
c:/program files (x86)/atmel/studio/7.0/toolchain/arm/arm-gnu-toolchain/bin/../lib/gcc/arm-none-eabi/6.2.1/thumb/v6-m\libgcc.a(_muldi3.o)
                              src/ASF/sam0/drivers/sercom/sercom.o (__aeabi_lmul)
c:/program files (x86)/atmel/studio/7.0/toolchain/arm/arm-gnu-toolchain/bin/../lib/gcc/arm-none-eabi/6.2.1/../../../../arm-none-eabi/lib/thumb/v6-m\libc_nano.a(lib_a-exit.o)
                              c:/program files (x86)/atmel/studio/7.0/toolchain/arm/arm-gnu-toolchain/bin/../lib/gcc/arm-none-eabi/6.2.1/../../../../arm-none-eabi/lib/thumb/v6-m/crt0.o (exit)
c:/program files (x86)/atmel/studio/7.0/toolchain/arm/arm-gnu-toolchain/bin/../lib/gcc/arm-none-eabi/6.2.1/../../../../arm-none-eabi/lib/thumb/v6-m\libc_nano.a(lib_a-impure.o)
                              c:/program files (x86)/atmel/studio/7.0/toolchain/arm/arm-gnu-toolchain/bin/../lib/gcc/arm-none-eabi/6.2.1/../../../../arm-none-eabi/lib/thumb/v6-m\libc_nano.a(lib_a-exit.o) (_global_impure_ptr)
c:/program files (x86)/atmel/studio/7.0/toolchain/arm/arm-gnu-toolchain/bin/../lib/gcc/arm-none-eabi/6.2.1/../../../../arm-none-eabi/lib/thumb/v6-m\libc_nano.a(lib_a-init.o)
                              c:/program files (x86)/atmel/studio/7.0/toolchain/arm/arm-gnu-toolchain/bin/../lib/gcc/arm-none-eabi/6.2.1/../../../../arm-none-eabi/lib/thumb/v6-m/crt0.o (__libc_init_array)
c:/program files (x86)/atmel/studio/7.0/toolchain/arm/arm-gnu-toolchain/bin/../lib/gcc/arm-none-eabi/6.2.1/../../../../arm-none-eabi/lib/thumb/v6-m\libc_nano.a(lib_a-memcpy-stub.o)
                              src/ASF/common/services/usb/class/cdc/device/udi_cdc.o (memcpy)
c:/program files (x86)/atmel/studio/7.0/toolchain/arm/arm-gnu-toolchain/bin/../lib/gcc/arm-none-eabi/6.2.1/../../../../arm-none-eabi/lib/thumb/v6-m\libc_nano.a(lib_a-memset.o)
                              c:/program files (x86)/atmel/studio/7.0/toolchain/arm/arm-gnu-toolchain/bin/../lib/gcc/arm-none-eabi/6.2.1/../../../../arm-none-eabi/lib/thumb/v6-m/crt0.o (memset)

Allocating common symbols
Common symbol       size              file

spi_slave_instance  0x3c              src/main.o
_tcc_instances      0xc               src/ASF/sam0/drivers/tcc/tcc_callback.o
udd_ep_out_cache_buffer
                    0xc0              src/ASF/sam0/drivers/usb/stack_interface/usb_device_udd.o
usb_descriptor_table
                    0x100             src/ASF/sam0/drivers/usb/usb_sam_d_r/usb.o
usb_device          0x168             src/ASF/sam0/drivers/usb/stack_interface/usb_device_udd.o
tcc_steering        0x40              src/main.o
tcc_throttle        0x40              src/main.o
dummy_write         0x2               src/ASF/sam0/drivers/sercom/spi/spi_interrupt.o
_sercom_instances   0x18              src/ASF/sam0/drivers/sercom/sercom_interrupt.o
_extint_dev         0x40              src/ASF/sam0/drivers/extint/extint_sam_d_r_h/extint.o
udd_g_ctrlreq       0x18              src/ASF/sam0/drivers/usb/stack_interface/usb_device_udd.o
_current_channel    0x1               src/ASF/sam0/drivers/extint/extint_callback.o
sleepmgr_locks      0x5               src/ASF/common/services/sleepmgr/samd/sleepmgr.o
udd_ctrl_buffer     0x40              src/ASF/sam0/drivers/usb/stack_interface/usb_device_udd.o

Discarded input sections

 .text          0x00000000        0x0 c:/program files (x86)/atmel/studio/7.0/toolchain/arm/arm-gnu-toolchain/bin/../lib/gcc/arm-none-eabi/6.2.1/thumb/v6-m/crti.o
 .data          0x00000000        0x0 c:/program files (x86)/atmel/studio/7.0/toolchain/arm/arm-gnu-toolchain/bin/../lib/gcc/arm-none-eabi/6.2.1/thumb/v6-m/crti.o
[...]
Memory Configuration

Name             Origin             Length             Attributes
rom              0x00000000         0x00040000         xr
ram              0x20000000         0x00008000         xrw
*default*        0x00000000         0xffffffff

Linker script and memory map

LOAD c:/program files (x86)/atmel/studio/7.0/toolchain/arm/arm-gnu-toolchain/bin/../lib/gcc/arm-none-eabi/6.2.1/thumb/v6-m/crti.o
LOAD c:/program files (x86)/atmel/studio/7.0/toolchain/arm/arm-gnu-toolchain/bin/../lib/gcc/arm-none-eabi/6.2.1/thumb/v6-m/crtbegin.o
LOAD c:/program files (x86)/atmel/studio/7.0/toolchain/arm/arm-gnu-toolchain/bin/../lib/gcc/arm-none-eabi/6.2.1/../../../../arm-none-eabi/lib/thumb/v6-m/crt0.o
LOAD src/ASF/common/services/sleepmgr/samd/sleepmgr.o
LOAD src/ASF/common/services/usb/class/cdc/device/udi_cdc.o
LOAD src/ASF/common/services/usb/udc/udc.o
LOAD src/ASF/sam0/drivers/extint/extint_sam_d_r_h/extint.o
LOAD src/ASF/sam0/drivers/sercom/sercom.o
LOAD src/ASF/sam0/drivers/sercom/sercom_interrupt.o
LOAD src/ASF/sam0/drivers/sercom/spi/spi.o
LOAD src/ASF/sam0/drivers/sercom/spi/spi_interrupt.o
LOAD src/ASF/sam0/drivers/tcc/tcc.o
LOAD src/ASF/sam0/drivers/tcc/tcc_callback.o
LOAD src/ASF/sam0/drivers/usb/stack_interface/usb_device_udd.o
LOAD src/ASF/sam0/drivers/usb/stack_interface/usb_dual.o
LOAD src/ASF/sam0/drivers/usb/usb_sam_d_r/usb.o
LOAD src/ASF/sam0/drivers/extint/extint_callback.o
LOAD src/ASF/common/services/usb/class/cdc/device/udi_cdc_desc.o
LOAD src/ASF/common2/services/delay/sam0/systick_counter.o
LOAD src/ASF/sam0/drivers/port/port.o
LOAD src/ASF/common2/boards/user_board/init.o
LOAD src/ASF/common/utils/interrupt/interrupt_sam_nvic.o
LOAD src/ASF/sam0/drivers/system/clock/clock_samd21_r21_da_ha1/clock.o
LOAD src/ASF/sam0/drivers/system/clock/clock_samd21_r21_da_ha1/gclk.o
LOAD src/ASF/sam0/drivers/system/interrupt/system_interrupt.o
LOAD src/ASF/sam0/drivers/system/pinmux/pinmux.o
LOAD src/ASF/sam0/drivers/system/system.o
LOAD src/ASF/sam0/utils/cmsis/samd21/source/gcc/startup_samd21.o
LOAD src/ASF/sam0/utils/cmsis/samd21/source/system_samd21.o
LOAD src/ASF/sam0/utils/syscalls/gcc/syscalls.o
LOAD src/main.o
START GROUP
LOAD ../src/ASF/thirdparty/CMSIS/Lib/GCC\libarm_cortexM0l_math.a
LOAD c:/program files (x86)/atmel/studio/7.0/toolchain/arm/arm-gnu-toolchain/bin/../lib/gcc/arm-none-eabi/6.2.1/../../../../arm-none-eabi/lib/thumb/v6-m\libm.a
END GROUP
START GROUP
LOAD c:/program files (x86)/atmel/studio/7.0/toolchain/arm/arm-gnu-toolchain/bin/../lib/gcc/arm-none-eabi/6.2.1/thumb/v6-m\libgcc.a
LOAD c:/program files (x86)/atmel/studio/7.0/toolchain/arm/arm-gnu-toolchain/bin/../lib/gcc/arm-none-eabi/6.2.1/../../../../arm-none-eabi/lib/thumb/v6-m\libc_nano.a
END GROUP
START GROUP
LOAD c:/program files (x86)/atmel/studio/7.0/toolchain/arm/arm-gnu-toolchain/bin/../lib/gcc/arm-none-eabi/6.2.1/thumb/v6-m\libgcc.a
LOAD c:/program files (x86)/atmel/studio/7.0/toolchain/arm/arm-gnu-toolchain/bin/../lib/gcc/arm-none-eabi/6.2.1/../../../../arm-none-eabi/lib/thumb/v6-m\libc_nano.a
END GROUP
LOAD c:/program files (x86)/atmel/studio/7.0/toolchain/arm/arm-gnu-toolchain/bin/../lib/gcc/arm-none-eabi/6.2.1/thumb/v6-m/crtend.o
LOAD c:/program files (x86)/atmel/studio/7.0/toolchain/arm/arm-gnu-toolchain/bin/../lib/gcc/arm-none-eabi/6.2.1/thumb/v6-m/crtn.o
                0x00002000                STACK_SIZE = DEFINED (STACK_SIZE)?STACK_SIZE:DEFINED (__stack_size__)?__stack_size__:0x2000

.text           0x00000000     0x156c
                0x00000000                . = ALIGN (0x4)
                0x00000000                _sfixed = .
 *(.vectors .vectors.*)
 .vectors       0x00000000       0xb4 src/ASF/sam0/utils/cmsis/samd21/source/gcc/startup_samd21.o
                0x00000000                exception_table
 *(.text .text.* .gnu.linkonce.t.*)
 .text          0x000000b4       0x60 c:/program files (x86)/atmel/studio/7.0/toolchain/arm/arm-gnu-toolchain/bin/../lib/gcc/arm-none-eabi/6.2.1/thumb/v6-m/crtbegin.o
 .text._extint_enable
                0x00000114       0x18 src/ASF/sam0/drivers/extint/extint_sam_d_r_h/extint.o
 .text._system_extint_init
                0x0000012c       0x6c src/ASF/sam0/drivers/extint/extint_sam_d_r_h/extint.o
                0x0000012c                _system_extint_init
 .text.SERCOM0_Handler
                0x00000198       0x10 src/ASF/sam0/drivers/sercom/sercom_interrupt.o
                0x00000198                SERCOM0_Handler
 .text.SERCOM1_Handler
                0x000001a8       0x10 src/ASF/sam0/drivers/sercom/sercom_interrupt.o
                0x000001a8                SERCOM1_Handler
 .text.SERCOM2_Handler
                0x000001b8       0x10 src/ASF/sam0/drivers/sercom/sercom_interrupt.o
                0x000001b8                SERCOM2_Handler
 .text.SERCOM3_Handler
                0x000001c8       0x10 src/ASF/sam0/drivers/sercom/sercom_interrupt.o
                0x000001c8                SERCOM3_Handler
 .text.SERCOM4_Handler
                0x000001d8       0x10 src/ASF/sam0/drivers/sercom/sercom_interrupt.o
                0x000001d8                SERCOM4_Handler
 .text.SERCOM5_Handler
                0x000001e8       0x10 src/ASF/sam0/drivers/sercom/sercom_interrupt.o
                0x000001e8                SERCOM5_Handler
 .text._tcc_get_inst_index
                0x000001f8       0x34 src/ASF/sam0/drivers/tcc/tcc.o
                0x000001f8                _tcc_get_inst_index
 .text.tcc_get_config_defaults
                0x0000022c      0x14c src/ASF/sam0/drivers/tcc/tcc.o
                0x0000022c                tcc_get_config_defaults
 .text.tcc_init
                0x00000378      0x40c src/ASF/sam0/drivers/tcc/tcc.o
                0x00000378                tcc_init
 .text._tcc_interrupt_handler
                0x00000784       0x4c src/ASF/sam0/drivers/tcc/tcc_callback.o
                0x00000784                _tcc_interrupt_handler
 .text.TCC0_Handler
                0x000007d0       0x10 src/ASF/sam0/drivers/tcc/tcc_callback.o
                0x000007d0                TCC0_Handler
 .text.TCC1_Handler
                0x000007e0       0x10 src/ASF/sam0/drivers/tcc/tcc_callback.o
                0x000007e0                TCC1_Handler
 .text.TCC2_Handler
                0x000007f0       0x10 src/ASF/sam0/drivers/tcc/tcc_callback.o
                0x000007f0                TCC2_Handler
 .text.USB_Handler
                0x00000800      0x5c8 src/ASF/sam0/drivers/usb/usb_sam_d_r/usb.o
                0x00000800                USB_Handler
 .text.EIC_Handler
                0x00000dc8       0x54 src/ASF/sam0/drivers/extint/extint_callback.o
                0x00000dc8                EIC_Handler
 .text.system_board_init
                0x00000e1c        0x2 src/ASF/common2/boards/user_board/init.o
                0x00000e1c                board_init
                0x00000e1c                system_board_init
 *fill*         0x00000e1e        0x2 
 .text.cpu_irq_enter_critical
                0x00000e20       0x40 src/ASF/common/utils/interrupt/interrupt_sam_nvic.o
                0x00000e20                cpu_irq_enter_critical
 .text.cpu_irq_leave_critical
                0x00000e60       0x30 src/ASF/common/utils/interrupt/interrupt_sam_nvic.o
                0x00000e60                cpu_irq_leave_critical
 .text.system_clock_source_osc8m_set_config
                0x00000e90       0x3c src/ASF/sam0/drivers/system/clock/clock_samd21_r21_da_ha1/clock.o
                0x00000e90                system_clock_source_osc8m_set_config
 .text.system_clock_source_enable
                0x00000ecc       0xa8 src/ASF/sam0/drivers/system/clock/clock_samd21_r21_da_ha1/clock.o
                0x00000ecc                system_clock_source_enable
 .text.system_clock_init
                0x00000f74       0x98 src/ASF/sam0/drivers/system/clock/clock_samd21_r21_da_ha1/clock.o
                0x00000f74                system_clock_init
 .text.system_gclk_init
                0x0000100c       0x24 src/ASF/sam0/drivers/system/clock/clock_samd21_r21_da_ha1/gclk.o
                0x0000100c                system_gclk_init
 .text.system_gclk_gen_set_config
                0x00001030       0xb8 src/ASF/sam0/drivers/system/clock/clock_samd21_r21_da_ha1/gclk.o
                0x00001030                system_gclk_gen_set_config
 .text.system_gclk_gen_enable
                0x000010e8       0x44 src/ASF/sam0/drivers/system/clock/clock_samd21_r21_da_ha1/gclk.o
                0x000010e8                system_gclk_gen_enable
 .text.system_gclk_chan_enable
                0x0000112c       0x30 src/ASF/sam0/drivers/system/clock/clock_samd21_r21_da_ha1/gclk.o
                0x0000112c                system_gclk_chan_enable
 .text.system_gclk_chan_disable
                0x0000115c       0x5c src/ASF/sam0/drivers/system/clock/clock_samd21_r21_da_ha1/gclk.o
                0x0000115c                system_gclk_chan_disable
 .text.system_gclk_chan_set_config
                0x000011b8       0x1c src/ASF/sam0/drivers/system/clock/clock_samd21_r21_da_ha1/gclk.o
                0x000011b8                system_gclk_chan_set_config
 .text._system_pinmux_config
                0x000011d4       0xa8 src/ASF/sam0/drivers/system/pinmux/pinmux.o
 .text.system_pinmux_pin_set_config
                0x0000127c       0x30 src/ASF/sam0/drivers/system/pinmux/pinmux.o
                0x0000127c                system_pinmux_pin_set_config
 .text._system_dummy_init
                0x000012ac        0x2 src/ASF/sam0/drivers/system/system.o
                0x000012ac                _system_events_init
                0x000012ac                _system_dummy_init
                0x000012ac                _system_divas_init
 *fill*         0x000012ae        0x2 
 .text.system_init
                0x000012b0       0x2c src/ASF/sam0/drivers/system/system.o
                0x000012b0                system_init
 .text.Dummy_Handler
                0x000012dc        0x2 src/ASF/sam0/utils/cmsis/samd21/source/gcc/startup_samd21.o
                0x000012dc                DMAC_Handler
                0x000012dc                HardFault_Handler
                0x000012dc                AC_Handler
                0x000012dc                SysTick_Handler
                0x000012dc                PendSV_Handler
                0x000012dc                NMI_Handler
                0x000012dc                ADC_Handler
                0x000012dc                RTC_Handler
                0x000012dc                WDT_Handler
                0x000012dc                TC4_Handler
                0x000012dc                TC3_Handler
                0x000012dc                Dummy_Handler
                0x000012dc                PM_Handler
                0x000012dc                SVC_Handler
                0x000012dc                EVSYS_Handler
                0x000012dc                I2S_Handler
                0x000012dc                NVMCTRL_Handler
                0x000012dc                DAC_Handler
                0x000012dc                PTC_Handler
                0x000012dc                TC5_Handler
                0x000012dc                SYSCTRL_Handler
 *fill*         0x000012de        0x2 
 .text.Reset_Handler
                0x000012e0       0xe4 src/ASF/sam0/utils/cmsis/samd21/source/gcc/startup_samd21.o
                0x000012e0                Reset_Handler
 .text.main     0x000013c4       0x78 src/main.o
                0x000013c4                main
 .text          0x0000143c       0x40 c:/program files (x86)/atmel/studio/7.0/toolchain/arm/arm-gnu-toolchain/bin/../lib/gcc/arm-none-eabi/6.2.1/thumb/v6-m\libgcc.a(_ctzsi2.o)
                0x0000143c                __ctzsi2
 .text.__libc_init_array
                0x0000147c       0x48 c:/program files (x86)/atmel/studio/7.0/toolchain/arm/arm-gnu-toolchain/bin/../lib/gcc/arm-none-eabi/6.2.1/../../../../arm-none-eabi/lib/thumb/v6-m\libc_nano.a(lib_a-init.o)
                0x0000147c                __libc_init_array
 *(.glue_7t)
 .glue_7t       0x000014c4        0x0 linker stubs
 *(.glue_7)
 .glue_7        0x000014c4        0x0 linker stubs
 *(.rodata .rodata* .gnu.linkonce.r.*)
 .rodata._tcc_apbcmasks
                0x000014c4        0xc src/ASF/sam0/drivers/tcc/tcc.o
                0x000014c4                _tcc_apbcmasks
 .rodata._tcc_cc_nums
                0x000014d0        0x3 src/ASF/sam0/drivers/tcc/tcc.o
                0x000014d0                _tcc_cc_nums
 *fill*         0x000014d3        0x1 
 .rodata._tcc_gclk_ids
                0x000014d4        0x3 src/ASF/sam0/drivers/tcc/tcc.o
                0x000014d4                _tcc_gclk_ids
 *fill*         0x000014d7        0x1 
 .rodata._tcc_maxs
                0x000014d8        0xc src/ASF/sam0/drivers/tcc/tcc.o
                0x000014d8                _tcc_maxs
 .rodata._tcc_ow_nums
                0x000014e4        0x3 src/ASF/sam0/drivers/tcc/tcc.o
                0x000014e4                _tcc_ow_nums
 *fill*         0x000014e7        0x1 
 .rodata._tcc_intflag
                0x000014e8       0x30 src/ASF/sam0/drivers/tcc/tcc_callback.o
                0x000014e8                _tcc_intflag
 .rodata._usb_device_irq_bits
                0x00001518        0xe src/ASF/sam0/drivers/usb/usb_sam_d_r/usb.o
 *fill*         0x00001526        0x2 
 .rodata.system_clock_source_enable
                0x00001528       0x24 src/ASF/sam0/drivers/system/clock/clock_samd21_r21_da_ha1/clock.o
 *(.ARM.extab* .gnu.linkonce.armextab.*)
                0x0000154c                . = ALIGN (0x4)
 *(.init)
 .init          0x0000154c        0x4 c:/program files (x86)/atmel/studio/7.0/toolchain/arm/arm-gnu-toolchain/bin/../lib/gcc/arm-none-eabi/6.2.1/thumb/v6-m/crti.o
                0x0000154c                _init
 .init          0x00001550        0x8 c:/program files (x86)/atmel/studio/7.0/toolchain/arm/arm-gnu-toolchain/bin/../lib/gcc/arm-none-eabi/6.2.1/thumb/v6-m/crtn.o
                0x00001558                . = ALIGN (0x4)
                0x00001558                __preinit_array_start = .
 *(.preinit_array)
                0x00001558                __preinit_array_end = .
                0x00001558                . = ALIGN (0x4)
                0x00001558                __init_array_start = .
 *(SORT(.init_array.*))
 *(.init_array)
 .init_array    0x00001558        0x4 c:/program files (x86)/atmel/studio/7.0/toolchain/arm/arm-gnu-toolchain/bin/../lib/gcc/arm-none-eabi/6.2.1/thumb/v6-m/crtbegin.o
                0x0000155c                __init_array_end = .
                0x0000155c                . = ALIGN (0x4)
 *crtbegin.o(.ctors)
 *(EXCLUDE_FILE(*crtend.o) .ctors)
 *(SORT(.ctors.*))
 *crtend.o(.ctors)
                0x0000155c                . = ALIGN (0x4)
 *(.fini)
 .fini          0x0000155c        0x4 c:/program files (x86)/atmel/studio/7.0/toolchain/arm/arm-gnu-toolchain/bin/../lib/gcc/arm-none-eabi/6.2.1/thumb/v6-m/crti.o
                0x0000155c                _fini
 .fini          0x00001560        0x8 c:/program files (x86)/atmel/studio/7.0/toolchain/arm/arm-gnu-toolchain/bin/../lib/gcc/arm-none-eabi/6.2.1/thumb/v6-m/crtn.o
                0x00001568                . = ALIGN (0x4)
                0x00001568                __fini_array_start = .
 *(.fini_array)
 .fini_array    0x00001568        0x4 c:/program files (x86)/atmel/studio/7.0/toolchain/arm/arm-gnu-toolchain/bin/../lib/gcc/arm-none-eabi/6.2.1/thumb/v6-m/crtbegin.o
 *(SORT(.fini_array.*))
                0x0000156c                __fini_array_end = .
 *crtbegin.o(.dtors)
 *(EXCLUDE_FILE(*crtend.o) .dtors)
 *(SORT(.dtors.*))
 *crtend.o(.dtors)
                0x0000156c                . = ALIGN (0x4)
                0x0000156c                _efixed = .
                [!provide]                PROVIDE (__exidx_start, .)

.vfp11_veneer   0x0000156c        0x0
 .vfp11_veneer  0x0000156c        0x0 linker stubs

.v4_bx          0x0000156c        0x0
 .v4_bx         0x0000156c        0x0 linker stubs

.iplt           0x0000156c        0x0
 .iplt          0x0000156c        0x0 c:/program files (x86)/atmel/studio/7.0/toolchain/arm/arm-gnu-toolchain/bin/../lib/gcc/arm-none-eabi/6.2.1/thumb/v6-m/crtbegin.o

.eh_frame       0x0000156c        0x0
 .eh_frame      0x0000156c        0x0 c:/program files (x86)/atmel/studio/7.0/toolchain/arm/arm-gnu-toolchain/bin/../lib/gcc/arm-none-eabi/6.2.1/thumb/v6-m/crtbegin.o

.rel.dyn        0x0000156c        0x0
 .rel.iplt      0x0000156c        0x0 c:/program files (x86)/atmel/studio/7.0/toolchain/arm/arm-gnu-toolchain/bin/../lib/gcc/arm-none-eabi/6.2.1/thumb/v6-m/crtbegin.o

.jcr            0x0000156c        0x0
 .jcr           0x0000156c        0x0 c:/program files (x86)/atmel/studio/7.0/toolchain/arm/arm-gnu-toolchain/bin/../lib/gcc/arm-none-eabi/6.2.1/thumb/v6-m/crtbegin.o

.igot.plt       0x0000156c        0x0
 .igot.plt      0x0000156c        0x0 c:/program files (x86)/atmel/studio/7.0/toolchain/arm/arm-gnu-toolchain/bin/../lib/gcc/arm-none-eabi/6.2.1/thumb/v6-m/crtbegin.o

.ARM.exidx
 *(.ARM.exidx* .gnu.linkonce.armexidx.*)
                [!provide]                PROVIDE (__exidx_end, .)
                0x0000156c                . = ALIGN (0x4)
                0x0000156c                _etext = .

.relocate       0x20000000        0x4 load address 0x0000156c
                0x20000000                . = ALIGN (0x4)
                0x20000000                _srelocate = .
 *(.ramfunc .ramfunc.*)
 *(.data .data.*)
 .data.g_interrupt_enabled
                0x20000000        0x1 src/ASF/common/utils/interrupt/interrupt_sam_nvic.o
                0x20000000                g_interrupt_enabled
                0x20000004                . = ALIGN (0x4)
 *fill*         0x20000001        0x3 
                0x20000004                _erelocate = .

.bss            0x20000004      0x27c load address 0x00001570
                0x20000004                . = ALIGN (0x4)
                0x20000004                _sbss = .
                0x20000004                _szero = .
 *(.bss .bss.*)
 .bss           0x20000004       0x1c c:/program files (x86)/atmel/studio/7.0/toolchain/arm/arm-gnu-toolchain/bin/../lib/gcc/arm-none-eabi/6.2.1/thumb/v6-m/crtbegin.o
 .bss._sercom_interrupt_handlers
                0x20000020       0x18 src/ASF/sam0/drivers/sercom/sercom_interrupt.o
 .bss._usb_instances
                0x20000038        0x4 src/ASF/sam0/drivers/usb/usb_sam_d_r/usb.o
 .bss.device_callback_lpm_wakeup_enable
                0x2000003c        0x4 src/ASF/sam0/drivers/usb/usb_sam_d_r/usb.o
 .bss.ep_callback_para
                0x20000040        0x8 src/ASF/sam0/drivers/usb/usb_sam_d_r/usb.o
 .bss.host_pipe_job_busy_status
                0x20000048        0x4 src/ASF/sam0/drivers/usb/usb_sam_d_r/usb.o
                0x20000048                host_pipe_job_busy_status
 .bss.pipe_callback_para
                0x2000004c        0x6 src/ASF/sam0/drivers/usb/usb_sam_d_r/usb.o
 *fill*         0x20000052        0x2 
 .bss.cpu_irq_critical_section_counter
                0x20000054        0x4 src/ASF/common/utils/interrupt/interrupt_sam_nvic.o
 .bss.cpu_irq_prev_interrupt_state
                0x20000058        0x1 src/ASF/common/utils/interrupt/interrupt_sam_nvic.o
 *fill*         0x20000059        0x3 
 .bss._system_clock_inst
                0x2000005c       0x18 src/ASF/sam0/drivers/system/clock/clock_samd21_r21_da_ha1/clock.o
 *(COMMON)
 COMMON         0x20000074       0x40 src/ASF/sam0/drivers/extint/extint_sam_d_r_h/extint.o
                0x20000074                _extint_dev
 COMMON         0x200000b4        0xc src/ASF/sam0/drivers/tcc/tcc_callback.o
                0x200000b4                _tcc_instances
 COMMON         0x200000c0      0x100 src/ASF/sam0/drivers/usb/usb_sam_d_r/usb.o
                0x200000c0                usb_descriptor_table
 COMMON         0x200001c0        0x1 src/ASF/sam0/drivers/extint/extint_callback.o
                0x200001c0                _current_channel
 *fill*         0x200001c1        0x3 
 COMMON         0x200001c4       0xbc src/main.o
                0x200001c4                spi_slave_instance
                0x20000200                tcc_steering
                0x20000240                tcc_throttle
                0x20000280                . = ALIGN (0x4)
                0x20000280                _ebss = .
                0x20000280                _ezero = .

.stack          0x20000280     0x2000 load address 0x000017ec
                0x20000280                . = ALIGN (0x8)
                0x20000280                _sstack = .
                0x20002280                . = (. + STACK_SIZE)
 *fill*         0x20000280     0x2000 
                0x20002280                . = ALIGN (0x8)
                0x20002280                _estack = .
                0x20002280                . = ALIGN (0x4)
                0x20002280                _end = .
OUTPUT(ARC1.elf elf32-littlearm)

.ARM.attributes
                0x00000000       0x28
 .ARM.attributes
                0x00000000       0x1e c:/program files (x86)/atmel/studio/7.0/toolchain/arm/arm-gnu-toolchain/bin/../lib/gcc/arm-none-eabi/6.2.1/thumb/v6-m/crti.o
 .ARM.attributes
                0x0000001e       0x2c c:/program files (x86)/atmel/studio/7.0/toolchain/arm/arm-gnu-toolchain/bin/../lib/gcc/arm-none-eabi/6.2.1/thumb/v6-m/crtbegin.o
 .ARM.attributes
                0x0000004a       0x32 src/ASF/sam0/drivers/extint/extint_sam_d_r_h/extint.o
 .ARM.attributes
                0x0000007c       0x32 src/ASF/sam0/drivers/sercom/sercom_interrupt.o
 .ARM.attributes
                0x000000ae       0x32 src/ASF/sam0/drivers/tcc/tcc.o
 .ARM.attributes
                0x000000e0       0x32 src/ASF/sam0/drivers/tcc/tcc_callback.o
 .ARM.attributes
                0x00000112       0x32 src/ASF/sam0/drivers/usb/usb_sam_d_r/usb.o
 .ARM.attributes
                0x00000144       0x32 src/ASF/sam0/drivers/extint/extint_callback.o
 .ARM.attributes
                0x00000176       0x32 src/ASF/common2/boards/user_board/init.o
 .ARM.attributes
                0x000001a8       0x32 src/ASF/common/utils/interrupt/interrupt_sam_nvic.o
 .ARM.attributes
                0x000001da       0x32 src/ASF/sam0/drivers/system/clock/clock_samd21_r21_da_ha1/clock.o
 .ARM.attributes
                0x0000020c       0x32 src/ASF/sam0/drivers/system/clock/clock_samd21_r21_da_ha1/gclk.o
 .ARM.attributes
                0x0000023e       0x32 src/ASF/sam0/drivers/system/pinmux/pinmux.o
 .ARM.attributes
                0x00000270       0x32 src/ASF/sam0/drivers/system/system.o
 .ARM.attributes
                0x000002a2       0x32 src/ASF/sam0/utils/cmsis/samd21/source/gcc/startup_samd21.o
 .ARM.attributes
                0x000002d4       0x32 src/main.o
 .ARM.attributes
                0x00000306       0x1e c:/program files (x86)/atmel/studio/7.0/toolchain/arm/arm-gnu-toolchain/bin/../lib/gcc/arm-none-eabi/6.2.1/thumb/v6-m\libgcc.a(_ctzsi2.o)
 .ARM.attributes
                0x00000324       0x2c c:/program files (x86)/atmel/studio/7.0/toolchain/arm/arm-gnu-toolchain/bin/../lib/gcc/arm-none-eabi/6.2.1/../../../../arm-none-eabi/lib/thumb/v6-m\libc_nano.a(lib_a-init.o)
 .ARM.attributes
                0x00000350       0x1e c:/program files (x86)/atmel/studio/7.0/toolchain/arm/arm-gnu-toolchain/bin/../lib/gcc/arm-none-eabi/6.2.1/thumb/v6-m/crtn.o

.comment        0x00000000       0x59
 .comment       0x00000000       0x59 src/ASF/sam0/drivers/extint/extint_sam_d_r_h/extint.o
                                 0x5a (size before relaxing)
 .comment       0x00000059       0x5a src/ASF/sam0/drivers/sercom/sercom_interrupt.o
 .comment       0x00000059       0x5a src/ASF/sam0/drivers/tcc/tcc.o
 .comment       0x00000059       0x5a src/ASF/sam0/drivers/tcc/tcc_callback.o
 .comment       0x00000059       0x5a src/ASF/sam0/drivers/usb/usb_sam_d_r/usb.o
 .comment       0x00000059       0x5a src/ASF/sam0/drivers/extint/extint_callback.o
 .comment       0x00000059       0x5a src/ASF/common2/boards/user_board/init.o
 .comment       0x00000059       0x5a src/ASF/common/utils/interrupt/interrupt_sam_nvic.o
 .comment       0x00000059       0x5a src/ASF/sam0/drivers/system/clock/clock_samd21_r21_da_ha1/clock.o
 .comment       0x00000059       0x5a src/ASF/sam0/drivers/system/clock/clock_samd21_r21_da_ha1/gclk.o
 .comment       0x00000059       0x5a src/ASF/sam0/drivers/system/pinmux/pinmux.o
 .comment       0x00000059       0x5a src/ASF/sam0/drivers/system/system.o
 .comment       0x00000059       0x5a src/ASF/sam0/utils/cmsis/samd21/source/gcc/startup_samd21.o
 .comment       0x00000059       0x5a src/main.o

.debug_info     0x00000000    0x268f9
 .debug_info    0x00000000     0x2b02 src/ASF/sam0/drivers/extint/extint_sam_d_r_h/extint.o
 .debug_info    0x00002b02     0x2bc6 src/ASF/sam0/drivers/sercom/sercom_interrupt.o
 .debug_info    0x000056c8     0x4cf2 src/ASF/sam0/drivers/tcc/tcc.o
 .debug_info    0x0000a3ba     0x3152 src/ASF/sam0/drivers/tcc/tcc_callback.o
 .debug_info    0x0000d50c     0x5255 src/ASF/sam0/drivers/usb/usb_sam_d_r/usb.o
 .debug_info    0x00012761     0x199b src/ASF/sam0/drivers/extint/extint_callback.o
 .debug_info    0x000140fc      0xe7d src/ASF/common2/boards/user_board/init.o
 .debug_info    0x00014f79      0xafb src/ASF/common/utils/interrupt/interrupt_sam_nvic.o
 .debug_info    0x00015a74     0x37b3 src/ASF/sam0/drivers/system/clock/clock_samd21_r21_da_ha1/clock.o
 .debug_info    0x00019227     0x1ec5 src/ASF/sam0/drivers/system/clock/clock_samd21_r21_da_ha1/gclk.o
 .debug_info    0x0001b0ec     0x13e9 src/ASF/sam0/drivers/system/pinmux/pinmux.o
 .debug_info    0x0001c4d5      0xa67 src/ASF/sam0/drivers/system/system.o
 .debug_info    0x0001cf3c     0x3a49 src/ASF/sam0/utils/cmsis/samd21/source/gcc/startup_samd21.o
 .debug_info    0x00020985     0x5f74 src/main.o

.debug_abbrev   0x00000000     0x2f89
 .debug_abbrev  0x00000000      0x4a7 src/ASF/sam0/drivers/extint/extint_sam_d_r_h/extint.o
 .debug_abbrev  0x000004a7      0x2d8 src/ASF/sam0/drivers/sercom/sercom_interrupt.o
 .debug_abbrev  0x0000077f      0x45b src/ASF/sam0/drivers/tcc/tcc.o
 .debug_abbrev  0x00000bda      0x399 src/ASF/sam0/drivers/tcc/tcc_callback.o
 .debug_abbrev  0x00000f73      0x4e9 src/ASF/sam0/drivers/usb/usb_sam_d_r/usb.o
 .debug_abbrev  0x0000145c      0x333 src/ASF/sam0/drivers/extint/extint_callback.o
 .debug_abbrev  0x0000178f      0x1cc src/ASF/common2/boards/user_board/init.o
 .debug_abbrev  0x0000195b      0x22c src/ASF/common/utils/interrupt/interrupt_sam_nvic.o
 .debug_abbrev  0x00001b87      0x465 src/ASF/sam0/drivers/system/clock/clock_samd21_r21_da_ha1/clock.o
 .debug_abbrev  0x00001fec      0x3f1 src/ASF/sam0/drivers/system/clock/clock_samd21_r21_da_ha1/gclk.o
 .debug_abbrev  0x000023dd      0x37b src/ASF/sam0/drivers/system/pinmux/pinmux.o
 .debug_abbrev  0x00002758      0x1e1 src/ASF/sam0/drivers/system/system.o
 .debug_abbrev  0x00002939      0x234 src/ASF/sam0/utils/cmsis/samd21/source/gcc/startup_samd21.o
 .debug_abbrev  0x00002b6d      0x41c src/main.o

.debug_loc      0x00000000     0x5477
 .debug_loc     0x00000000      0x43d src/ASF/sam0/drivers/extint/extint_sam_d_r_h/extint.o
 .debug_loc     0x0000043d      0x161 src/ASF/sam0/drivers/sercom/sercom_interrupt.o
 .debug_loc     0x0000059e     0x15d2 src/ASF/sam0/drivers/tcc/tcc.o
 .debug_loc     0x00001b70      0x245 src/ASF/sam0/drivers/tcc/tcc_callback.o
 .debug_loc     0x00001db5     0x1aff src/ASF/sam0/drivers/usb/usb_sam_d_r/usb.o
 .debug_loc     0x000038b4      0x2ac src/ASF/sam0/drivers/extint/extint_callback.o
 .debug_loc     0x00003b60      0xef5 src/ASF/sam0/drivers/system/clock/clock_samd21_r21_da_ha1/clock.o
 .debug_loc     0x00004a55      0x504 src/ASF/sam0/drivers/system/clock/clock_samd21_r21_da_ha1/gclk.o
 .debug_loc     0x00004f59      0x36d src/ASF/sam0/drivers/system/pinmux/pinmux.o
 .debug_loc     0x000052c6       0x20 src/ASF/sam0/drivers/system/system.o
 .debug_loc     0x000052e6       0x40 src/ASF/sam0/utils/cmsis/samd21/source/gcc/startup_samd21.o
 .debug_loc     0x00005326      0x151 src/main.o

.debug_aranges  0x00000000      0x560
 .debug_aranges
                0x00000000       0x50 src/ASF/sam0/drivers/extint/extint_sam_d_r_h/extint.o
 .debug_aranges
                0x00000050       0x60 src/ASF/sam0/drivers/sercom/sercom_interrupt.o
 .debug_aranges
                0x000000b0       0xb0 src/ASF/sam0/drivers/tcc/tcc.o
 .debug_aranges
                0x00000160       0x58 src/ASF/sam0/drivers/tcc/tcc_callback.o
 .debug_aranges
                0x000001b8      0x158 src/ASF/sam0/drivers/usb/usb_sam_d_r/usb.o
 .debug_aranges
                0x00000310       0x48 src/ASF/sam0/drivers/extint/extint_callback.o
 .debug_aranges
                0x00000358       0x20 src/ASF/common2/boards/user_board/init.o
 .debug_aranges
                0x00000378       0x28 src/ASF/common/utils/interrupt/interrupt_sam_nvic.o
 .debug_aranges
                0x000003a0       0x78 src/ASF/sam0/drivers/system/clock/clock_samd21_r21_da_ha1/clock.o
 .debug_aranges
                0x00000418       0x80 src/ASF/sam0/drivers/system/clock/clock_samd21_r21_da_ha1/gclk.o
 .debug_aranges
                0x00000498       0x40 src/ASF/sam0/drivers/system/pinmux/pinmux.o
 .debug_aranges
                0x000004d8       0x28 src/ASF/sam0/drivers/system/system.o
 .debug_aranges
                0x00000500       0x28 src/ASF/sam0/utils/cmsis/samd21/source/gcc/startup_samd21.o
 .debug_aranges
                0x00000528       0x38 src/main.o

.debug_ranges   0x00000000      0x620
 .debug_ranges  0x00000000       0x40 src/ASF/sam0/drivers/extint/extint_sam_d_r_h/extint.o
 .debug_ranges  0x00000040       0x50 src/ASF/sam0/drivers/sercom/sercom_interrupt.o
 .debug_ranges  0x00000090      0x188 src/ASF/sam0/drivers/tcc/tcc.o
 .debug_ranges  0x00000218       0x48 src/ASF/sam0/drivers/tcc/tcc_callback.o
 .debug_ranges  0x00000260      0x190 src/ASF/sam0/drivers/usb/usb_sam_d_r/usb.o
 .debug_ranges  0x000003f0       0x90 src/ASF/sam0/drivers/extint/extint_callback.o
 .debug_ranges  0x00000480       0x10 src/ASF/common2/boards/user_board/init.o
 .debug_ranges  0x00000490       0x18 src/ASF/common/utils/interrupt/interrupt_sam_nvic.o
 .debug_ranges  0x000004a8       0x68 src/ASF/sam0/drivers/system/clock/clock_samd21_r21_da_ha1/clock.o
 .debug_ranges  0x00000510       0x88 src/ASF/sam0/drivers/system/clock/clock_samd21_r21_da_ha1/gclk.o
 .debug_ranges  0x00000598       0x30 src/ASF/sam0/drivers/system/pinmux/pinmux.o
 .debug_ranges  0x000005c8       0x18 src/ASF/sam0/drivers/system/system.o
 .debug_ranges  0x000005e0       0x18 src/ASF/sam0/utils/cmsis/samd21/source/gcc/startup_samd21.o
 .debug_ranges  0x000005f8       0x28 src/main.o

.debug_macro    0x00000000     0x5189
 .debug_macro   0x00000000      0x57d src/ASF/sam0/drivers/extint/extint_sam_d_r_h/extint.o
 .debug_macro   0x0000057d       0x2e src/ASF/sam0/drivers/extint/extint_sam_d_r_h/extint.o
 .debug_macro   0x000005ab       0x1f src/ASF/sam0/drivers/extint/extint_sam_d_r_h/extint.o
 .debug_macro   0x000005ca       0x16 src/ASF/sam0/drivers/extint/extint_sam_d_r_h/extint.o
 .debug_macro   0x000005e0      0x588 src/ASF/sam0/drivers/sercom/sercom_interrupt.o
 .debug_macro   0x00000b68      0x645 src/ASF/sam0/drivers/tcc/tcc.o
 .debug_macro   0x000011ad       0x19 src/ASF/sam0/drivers/tcc/tcc.o
 .debug_macro   0x000011c6       0x74 src/ASF/sam0/drivers/tcc/tcc.o
 .debug_macro   0x0000123a      0x578 src/ASF/sam0/drivers/tcc/tcc_callback.o
 .debug_macro   0x000017b2      0x5c8 src/ASF/sam0/drivers/usb/usb_sam_d_r/usb.o
 .debug_macro   0x00001d7a      0x523 src/ASF/sam0/drivers/extint/extint_callback.o
 .debug_macro   0x0000229d      0x730 src/ASF/common2/boards/user_board/init.o
 .debug_macro   0x000029cd       0x22 src/ASF/common2/boards/user_board/init.o
 .debug_macro   0x000029ef       0x8f src/ASF/common2/boards/user_board/init.o
 .debug_macro   0x00002a7e      0x4fe src/ASF/common/utils/interrupt/interrupt_sam_nvic.o
 .debug_macro   0x00002f7c      0x56f src/ASF/sam0/drivers/system/clock/clock_samd21_r21_da_ha1/clock.o
 .debug_macro   0x000034eb      0x29d src/ASF/sam0/drivers/system/clock/clock_samd21_r21_da_ha1/clock.o
 .debug_macro   0x00003788      0x534 src/ASF/sam0/drivers/system/clock/clock_samd21_r21_da_ha1/gclk.o
 .debug_macro   0x00003cbc      0x50e src/ASF/sam0/drivers/system/pinmux/pinmux.o
 .debug_macro   0x000041ca       0x12 src/ASF/sam0/drivers/system/pinmux/pinmux.o
 .debug_macro   0x000041dc      0x541 src/ASF/sam0/drivers/system/system.o
 .debug_macro   0x0000471d      0x2e5 src/ASF/sam0/utils/cmsis/samd21/source/gcc/startup_samd21.o
 .debug_macro   0x00004a02       0x3a src/ASF/sam0/utils/cmsis/samd21/source/gcc/startup_samd21.o
 .debug_macro   0x00004a3c      0x74d src/main.o

.debug_line     0x00000000     0xa3cc
 .debug_line    0x00000000      0xc28 src/ASF/sam0/drivers/extint/extint_sam_d_r_h/extint.o
 .debug_line    0x00000c28      0xb6f src/ASF/sam0/drivers/sercom/sercom_interrupt.o
 .debug_line    0x00001797      0xe4c src/ASF/sam0/drivers/tcc/tcc.o
 .debug_line    0x000025e3      0xaaf src/ASF/sam0/drivers/tcc/tcc_callback.o
 .debug_line    0x00003092     0x106f src/ASF/sam0/drivers/usb/usb_sam_d_r/usb.o
 .debug_line    0x00004101      0x9c8 src/ASF/sam0/drivers/extint/extint_callback.o
 .debug_line    0x00004ac9      0xec7 src/ASF/common2/boards/user_board/init.o
 .debug_line    0x00005990      0x8c6 src/ASF/common/utils/interrupt/interrupt_sam_nvic.o
 .debug_line    0x00006256      0xc47 src/ASF/sam0/drivers/system/clock/clock_samd21_r21_da_ha1/clock.o
 .debug_line    0x00006e9d      0xc6e src/ASF/sam0/drivers/system/clock/clock_samd21_r21_da_ha1/gclk.o
 .debug_line    0x00007b0b      0x93f src/ASF/sam0/drivers/system/pinmux/pinmux.o
 .debug_line    0x0000844a      0x9e9 src/ASF/sam0/drivers/system/system.o
 .debug_line    0x00008e33      0x644 src/ASF/sam0/utils/cmsis/samd21/source/gcc/startup_samd21.o
 .debug_line    0x00009477      0xf55 src/main.o

.debug_str      0x00000000    0x8d5a4
 .debug_str     0x00000000    0x8005f src/ASF/sam0/drivers/extint/extint_sam_d_r_h/extint.o
                              0x809f1 (size before relaxing)
 .debug_str     0x0008005f      0xcf2 src/ASF/sam0/drivers/sercom/sercom_interrupt.o
                              0x806e9 (size before relaxing)
 .debug_str     0x00080d51     0x275b src/ASF/sam0/drivers/tcc/tcc.o
                              0x82673 (size before relaxing)
 .debug_str     0x000834ac      0x1c9 src/ASF/sam0/drivers/tcc/tcc_callback.o
                              0x80b1a (size before relaxing)
 .debug_str     0x00083675     0x1915 src/ASF/sam0/drivers/usb/usb_sam_d_r/usb.o
                              0x81c43 (size before relaxing)
 .debug_str     0x00084f8a      0x131 src/ASF/sam0/drivers/extint/extint_callback.o
                              0x7f9e8 (size before relaxing)
 .debug_str     0x000850bb     0x4613 src/ASF/common2/boards/user_board/init.o
                              0x84499 (size before relaxing)
 .debug_str     0x000896ce       0x94 src/ASF/common/utils/interrupt/interrupt_sam_nvic.o
                              0x7f1a5 (size before relaxing)
 .debug_str     0x00089762     0x27ab src/ASF/sam0/drivers/system/clock/clock_samd21_r21_da_ha1/clock.o
                              0x8233e (size before relaxing)
 .debug_str     0x0008bf0d      0x229 src/ASF/sam0/drivers/system/clock/clock_samd21_r21_da_ha1/gclk.o
                              0x7fe68 (size before relaxing)
 .debug_str     0x0008c136      0x340 src/ASF/sam0/drivers/system/pinmux/pinmux.o
                              0x7f647 (size before relaxing)
 .debug_str     0x0008c476       0x47 src/ASF/sam0/drivers/system/system.o
                              0x7f282 (size before relaxing)
 .debug_str     0x0008c4bd      0x8e9 src/ASF/sam0/utils/cmsis/samd21/source/gcc/startup_samd21.o
                              0x6b30c (size before relaxing)
 .debug_str     0x0008cda6      0x7fe src/main.o
                              0x872c1 (size before relaxing)

.debug_frame    0x00000000      0xd5c
 .debug_frame   0x00000000       0xb8 src/ASF/sam0/drivers/extint/extint_sam_d_r_h/extint.o
 .debug_frame   0x000000b8       0xe8 src/ASF/sam0/drivers/sercom/sercom_interrupt.o
 .debug_frame   0x000001a0      0x21c src/ASF/sam0/drivers/tcc/tcc.o
 .debug_frame   0x000003bc       0xd4 src/ASF/sam0/drivers/tcc/tcc_callback.o
 .debug_frame   0x00000490      0x3b8 src/ASF/sam0/drivers/usb/usb_sam_d_r/usb.o
 .debug_frame   0x00000848       0x7c src/ASF/sam0/drivers/extint/extint_callback.o
 .debug_frame   0x000008c4       0x20 src/ASF/common2/boards/user_board/init.o
 .debug_frame   0x000008e4       0x30 src/ASF/common/utils/interrupt/interrupt_sam_nvic.o
 .debug_frame   0x00000914      0x14c src/ASF/sam0/drivers/system/clock/clock_samd21_r21_da_ha1/clock.o
 .debug_frame   0x00000a60      0x148 src/ASF/sam0/drivers/system/clock/clock_samd21_r21_da_ha1/gclk.o
 .debug_frame   0x00000ba8       0x98 src/ASF/sam0/drivers/system/pinmux/pinmux.o
 .debug_frame   0x00000c40       0x38 src/ASF/sam0/drivers/system/system.o
 .debug_frame   0x00000c78       0x40 src/ASF/sam0/utils/cmsis/samd21/source/gcc/startup_samd21.o
 .debug_frame   0x00000cb8       0x78 src/main.o
 .debug_frame   0x00000d30       0x2c c:/program files (x86)/atmel/studio/7.0/toolchain/arm/arm-gnu-toolchain/bin/../lib/gcc/arm-none-eabi/6.2.1/../../../../arm-none-eabi/lib/thumb/v6-m\libc_nano.a(lib_a-init.o)

Cross Reference Table

Symbol                                            File
AC_Handler                                        src/ASF/sam0/utils/cmsis/samd21/source/gcc/startup_samd21.o
ADC_Handler                                       src/ASF/sam0/utils/cmsis/samd21/source/gcc/startup_samd21.o
DAC_Handler                                       src/ASF/sam0/utils/cmsis/samd21/source/gcc/startup_samd21.o
DMAC_Handler                                      src/ASF/sam0/utils/cmsis/samd21/source/gcc/startup_samd21.o
Dummy_Handler                                     src/ASF/sam0/utils/cmsis/samd21/source/gcc/startup_samd21.o
EIC_Handler                                       src/ASF/sam0/drivers/extint/extint_callback.o
EVSYS_Handler                                     src/ASF/sam0/utils/cmsis/samd21/source/gcc/startup_samd21.o
HardFault_Handler                                 src/ASF/sam0/utils/cmsis/samd21/source/gcc/startup_samd21.o
I2S_Handler                                       src/ASF/sam0/utils/cmsis/samd21/source/gcc/startup_samd21.o
NMI_Handler                                       src/ASF/sam0/utils/cmsis/samd21/source/gcc/startup_samd21.o
NVMCTRL_Handler                                   src/ASF/sam0/utils/cmsis/samd21/source/gcc/startup_samd21.o
PM_Handler                                        src/ASF/sam0/utils/cmsis/samd21/source/gcc/startup_samd21.o
PTC_Handler                                       src/ASF/sam0/utils/cmsis/samd21/source/gcc/startup_samd21.o
PendSV_Handler                                    src/ASF/sam0/utils/cmsis/samd21/source/gcc/startup_samd21.o
RTC_Handler                                       src/ASF/sam0/utils/cmsis/samd21/source/gcc/startup_samd21.o
Reset_Handler                                     src/ASF/sam0/utils/cmsis/samd21/source/gcc/startup_samd21.o
SERCOM0_Handler                                   src/ASF/sam0/drivers/sercom/sercom_interrupt.o
SERCOM1_Handler                                   src/ASF/sam0/drivers/sercom/sercom_interrupt.o
SERCOM2_Handler                                   src/ASF/sam0/drivers/sercom/sercom_interrupt.o
SERCOM3_Handler                                   src/ASF/sam0/drivers/sercom/sercom_interrupt.o
SERCOM4_Handler                                   src/ASF/sam0/drivers/sercom/sercom_interrupt.o
SERCOM5_Handler                                   src/ASF/sam0/drivers/sercom/sercom_interrupt.o
SVC_Handler                                       src/ASF/sam0/utils/cmsis/samd21/source/gcc/startup_samd21.o
SYSCTRL_Handler                                   src/ASF/sam0/utils/cmsis/samd21/source/gcc/startup_samd21.o
SysTick_Handler                                   src/ASF/sam0/utils/cmsis/samd21/source/gcc/startup_samd21.o
SystemCoreClock                                   src/ASF/sam0/utils/cmsis/samd21/source/system_samd21.o
SystemCoreClockUpdate                             src/ASF/sam0/utils/cmsis/samd21/source/system_samd21.o
SystemInit                                        src/ASF/sam0/utils/cmsis/samd21/source/system_samd21.o
TC3_Handler                                       src/ASF/sam0/utils/cmsis/samd21/source/gcc/startup_samd21.o
TC4_Handler                                       src/ASF/sam0/utils/cmsis/samd21/source/gcc/startup_samd21.o
TC5_Handler                                       src/ASF/sam0/utils/cmsis/samd21/source/gcc/startup_samd21.o
TCC0_Handler                                      src/ASF/sam0/drivers/tcc/tcc_callback.o
TCC1_Handler                                      src/ASF/sam0/drivers/tcc/tcc_callback.o
TCC2_Handler                                      src/ASF/sam0/drivers/tcc/tcc_callback.o
USB_Handler                                       src/ASF/sam0/drivers/usb/usb_sam_d_r/usb.o
WDT_Handler                                       src/ASF/sam0/utils/cmsis/samd21/source/gcc/startup_samd21.o
_Jv_RegisterClasses                               c:/program files (x86)/atmel/studio/7.0/toolchain/arm/arm-gnu-toolchain/bin/../lib/gcc/arm-none-eabi/6.2.1/thumb/v6-m/crtbegin.o
__aeabi_idiv                                      c:/program files (x86)/atmel/studio/7.0/toolchain/arm/arm-gnu-toolchain/bin/../lib/gcc/arm-none-eabi/6.2.1/thumb/v6-m\libgcc.a(_divsi3.o)
__aeabi_idiv0                                     c:/program files (x86)/atmel/studio/7.0/toolchain/arm/arm-gnu-toolchain/bin/../lib/gcc/arm-none-eabi/6.2.1/thumb/v6-m\libgcc.a(_dvmd_tls.o)
                                                  c:/program files (x86)/atmel/studio/7.0/toolchain/arm/arm-gnu-toolchain/bin/../lib/gcc/arm-none-eabi/6.2.1/thumb/v6-m\libgcc.a(_divsi3.o)
                                                  c:/program files (x86)/atmel/studio/7.0/toolchain/arm/arm-gnu-toolchain/bin/../lib/gcc/arm-none-eabi/6.2.1/thumb/v6-m\libgcc.a(_udivsi3.o)
__aeabi_idivmod                                   c:/program files (x86)/atmel/studio/7.0/toolchain/arm/arm-gnu-toolchain/bin/../lib/gcc/arm-none-eabi/6.2.1/thumb/v6-m\libgcc.a(_divsi3.o)
                                                  src/ASF/sam0/drivers/usb/stack_interface/usb_device_udd.o
__aeabi_ldiv0                                     c:/program files (x86)/atmel/studio/7.0/toolchain/arm/arm-gnu-toolchain/bin/../lib/gcc/arm-none-eabi/6.2.1/thumb/v6-m\libgcc.a(_dvmd_tls.o)
__aeabi_lmul                                      c:/program files (x86)/atmel/studio/7.0/toolchain/arm/arm-gnu-toolchain/bin/../lib/gcc/arm-none-eabi/6.2.1/thumb/v6-m\libgcc.a(_muldi3.o)
                                                  src/ASF/sam0/drivers/sercom/sercom.o
__aeabi_uidiv                                     c:/program files (x86)/atmel/studio/7.0/toolchain/arm/arm-gnu-toolchain/bin/../lib/gcc/arm-none-eabi/6.2.1/thumb/v6-m\libgcc.a(_udivsi3.o)
                                                  src/ASF/sam0/drivers/system/clock/clock_samd21_r21_da_ha1/gclk.o
                                                  src/ASF/sam0/drivers/system/clock/clock_samd21_r21_da_ha1/clock.o
                                                  src/ASF/common2/services/delay/sam0/systick_counter.o
__aeabi_uidivmod                                  c:/program files (x86)/atmel/studio/7.0/toolchain/arm/arm-gnu-toolchain/bin/../lib/gcc/arm-none-eabi/6.2.1/thumb/v6-m\libgcc.a(_udivsi3.o)
                                                  src/ASF/sam0/drivers/usb/stack_interface/usb_device_udd.o
__bss_end__                                       c:/program files (x86)/atmel/studio/7.0/toolchain/arm/arm-gnu-toolchain/bin/../lib/gcc/arm-none-eabi/6.2.1/../../../../arm-none-eabi/lib/thumb/v6-m/crt0.o
__bss_start__                                     c:/program files (x86)/atmel/studio/7.0/toolchain/arm/arm-gnu-toolchain/bin/../lib/gcc/arm-none-eabi/6.2.1/../../../../arm-none-eabi/lib/thumb/v6-m/crt0.o
__call_exitprocs                                  c:/program files (x86)/atmel/studio/7.0/toolchain/arm/arm-gnu-toolchain/bin/../lib/gcc/arm-none-eabi/6.2.1/../../../../arm-none-eabi/lib/thumb/v6-m\libc_nano.a(lib_a-exit.o)
__clzsi2                                          c:/program files (x86)/atmel/studio/7.0/toolchain/arm/arm-gnu-toolchain/bin/../lib/gcc/arm-none-eabi/6.2.1/thumb/v6-m\libgcc.a(_clzsi2.o)
                                                  src/ASF/sam0/drivers/usb/usb_sam_d_r/usb.o
__ctzsi2                                          c:/program files (x86)/atmel/studio/7.0/toolchain/arm/arm-gnu-toolchain/bin/../lib/gcc/arm-none-eabi/6.2.1/thumb/v6-m\libgcc.a(_ctzsi2.o)
                                                  src/ASF/sam0/drivers/usb/usb_sam_d_r/usb.o
__deregister_frame_info                           c:/program files (x86)/atmel/studio/7.0/toolchain/arm/arm-gnu-toolchain/bin/../lib/gcc/arm-none-eabi/6.2.1/thumb/v6-m/crtbegin.o
__divsi3                                          c:/program files (x86)/atmel/studio/7.0/toolchain/arm/arm-gnu-toolchain/bin/../lib/gcc/arm-none-eabi/6.2.1/thumb/v6-m\libgcc.a(_divsi3.o)
__dso_handle                                      c:/program files (x86)/atmel/studio/7.0/toolchain/arm/arm-gnu-toolchain/bin/../lib/gcc/arm-none-eabi/6.2.1/thumb/v6-m/crtbegin.o
__init_array_end                                  c:/program files (x86)/atmel/studio/7.0/toolchain/arm/arm-gnu-toolchain/bin/../lib/gcc/arm-none-eabi/6.2.1/../../../../arm-none-eabi/lib/thumb/v6-m\libc_nano.a(lib_a-init.o)
__init_array_start                                c:/program files (x86)/atmel/studio/7.0/toolchain/arm/arm-gnu-toolchain/bin/../lib/gcc/arm-none-eabi/6.2.1/../../../../arm-none-eabi/lib/thumb/v6-m\libc_nano.a(lib_a-init.o)
__libc_fini_array                                 c:/program files (x86)/atmel/studio/7.0/toolchain/arm/arm-gnu-toolchain/bin/../lib/gcc/arm-none-eabi/6.2.1/../../../../arm-none-eabi/lib/thumb/v6-m/crt0.o
__libc_init_array                                 c:/program files (x86)/atmel/studio/7.0/toolchain/arm/arm-gnu-toolchain/bin/../lib/gcc/arm-none-eabi/6.2.1/../../../../arm-none-eabi/lib/thumb/v6-m\libc_nano.a(lib_a-init.o)
                                                  src/ASF/sam0/utils/cmsis/samd21/source/gcc/startup_samd21.o
                                                  c:/program files (x86)/atmel/studio/7.0/toolchain/arm/arm-gnu-toolchain/bin/../lib/gcc/arm-none-eabi/6.2.1/../../../../arm-none-eabi/lib/thumb/v6-m/crt0.o
__muldi3                                          c:/program files (x86)/atmel/studio/7.0/toolchain/arm/arm-gnu-toolchain/bin/../lib/gcc/arm-none-eabi/6.2.1/thumb/v6-m\libgcc.a(_muldi3.o)
__preinit_array_end                               c:/program files (x86)/atmel/studio/7.0/toolchain/arm/arm-gnu-toolchain/bin/../lib/gcc/arm-none-eabi/6.2.1/../../../../arm-none-eabi/lib/thumb/v6-m\libc_nano.a(lib_a-init.o)
__preinit_array_start                             c:/program files (x86)/atmel/studio/7.0/toolchain/arm/arm-gnu-toolchain/bin/../lib/gcc/arm-none-eabi/6.2.1/../../../../arm-none-eabi/lib/thumb/v6-m\libc_nano.a(lib_a-init.o)
__register_frame_info                             c:/program files (x86)/atmel/studio/7.0/toolchain/arm/arm-gnu-toolchain/bin/../lib/gcc/arm-none-eabi/6.2.1/thumb/v6-m/crtbegin.o
__sf_fake_stderr                                  c:/program files (x86)/atmel/studio/7.0/toolchain/arm/arm-gnu-toolchain/bin/../lib/gcc/arm-none-eabi/6.2.1/../../../../arm-none-eabi/lib/thumb/v6-m\libc_nano.a(lib_a-impure.o)
__sf_fake_stdin                                   c:/program files (x86)/atmel/studio/7.0/toolchain/arm/arm-gnu-toolchain/bin/../lib/gcc/arm-none-eabi/6.2.1/../../../../arm-none-eabi/lib/thumb/v6-m\libc_nano.a(lib_a-impure.o)
__sf_fake_stdout                                  c:/program files (x86)/atmel/studio/7.0/toolchain/arm/arm-gnu-toolchain/bin/../lib/gcc/arm-none-eabi/6.2.1/../../../../arm-none-eabi/lib/thumb/v6-m\libc_nano.a(lib_a-impure.o)
__stack                                           c:/program files (x86)/atmel/studio/7.0/toolchain/arm/arm-gnu-toolchain/bin/../lib/gcc/arm-none-eabi/6.2.1/../../../../arm-none-eabi/lib/thumb/v6-m/crt0.o
__udivsi3                                         c:/program files (x86)/atmel/studio/7.0/toolchain/arm/arm-gnu-toolchain/bin/../lib/gcc/arm-none-eabi/6.2.1/thumb/v6-m\libgcc.a(_udivsi3.o)
_close                                            src/ASF/sam0/utils/syscalls/gcc/syscalls.o
_current_channel                                  src/ASF/sam0/drivers/extint/extint_callback.o
_end                                              src/ASF/sam0/utils/syscalls/gcc/syscalls.o
_erelocate                                        src/ASF/sam0/utils/cmsis/samd21/source/gcc/startup_samd21.o
_estack                                           src/ASF/sam0/utils/cmsis/samd21/source/gcc/startup_samd21.o
_etext                                            src/ASF/sam0/utils/cmsis/samd21/source/gcc/startup_samd21.o
_exit                                             src/ASF/sam0/utils/syscalls/gcc/syscalls.o
                                                  c:/program files (x86)/atmel/studio/7.0/toolchain/arm/arm-gnu-toolchain/bin/../lib/gcc/arm-none-eabi/6.2.1/../../../../arm-none-eabi/lib/thumb/v6-m\libc_nano.a(lib_a-exit.o)
_extint_dev                                       src/ASF/sam0/drivers/extint/extint_sam_d_r_h/extint.o
                                                  src/ASF/sam0/drivers/extint/extint_callback.o
_ezero                                            src/ASF/sam0/utils/cmsis/samd21/source/gcc/startup_samd21.o
_fini                                             c:/program files (x86)/atmel/studio/7.0/toolchain/arm/arm-gnu-toolchain/bin/../lib/gcc/arm-none-eabi/6.2.1/thumb/v6-m/crti.o
_fstat                                            src/ASF/sam0/utils/syscalls/gcc/syscalls.o
_getpid                                           src/ASF/sam0/utils/syscalls/gcc/syscalls.o
_global_impure_ptr                                c:/program files (x86)/atmel/studio/7.0/toolchain/arm/arm-gnu-toolchain/bin/../lib/gcc/arm-none-eabi/6.2.1/../../../../arm-none-eabi/lib/thumb/v6-m\libc_nano.a(lib_a-impure.o)
                                                  c:/program files (x86)/atmel/studio/7.0/toolchain/arm/arm-gnu-toolchain/bin/../lib/gcc/arm-none-eabi/6.2.1/../../../../arm-none-eabi/lib/thumb/v6-m\libc_nano.a(lib_a-exit.o)
_impure_ptr                                       c:/program files (x86)/atmel/studio/7.0/toolchain/arm/arm-gnu-toolchain/bin/../lib/gcc/arm-none-eabi/6.2.1/../../../../arm-none-eabi/lib/thumb/v6-m\libc_nano.a(lib_a-impure.o)
_init                                             c:/program files (x86)/atmel/studio/7.0/toolchain/arm/arm-gnu-toolchain/bin/../lib/gcc/arm-none-eabi/6.2.1/thumb/v6-m/crti.o
                                                  c:/program files (x86)/atmel/studio/7.0/toolchain/arm/arm-gnu-toolchain/bin/../lib/gcc/arm-none-eabi/6.2.1/../../../../arm-none-eabi/lib/thumb/v6-m\libc_nano.a(lib_a-init.o)
_isatty                                           src/ASF/sam0/utils/syscalls/gcc/syscalls.o
_kill                                             src/ASF/sam0/utils/syscalls/gcc/syscalls.o
_lseek                                            src/ASF/sam0/utils/syscalls/gcc/syscalls.o
_mainCRTStartup                                   c:/program files (x86)/atmel/studio/7.0/toolchain/arm/arm-gnu-toolchain/bin/../lib/gcc/arm-none-eabi/6.2.1/../../../../arm-none-eabi/lib/thumb/v6-m/crt0.o
_sbrk                                             src/ASF/sam0/utils/syscalls/gcc/syscalls.o
_sercom_get_async_baud_val                        src/ASF/sam0/drivers/sercom/sercom.o
_sercom_get_default_pad                           src/ASF/sam0/drivers/sercom/sercom.o
                                                  src/ASF/sam0/drivers/sercom/spi/spi.o
_sercom_get_interrupt_vector                      src/ASF/sam0/drivers/sercom/sercom_interrupt.o
                                                  src/main.o
                                                  src/ASF/sam0/drivers/sercom/spi/spi.o
_sercom_get_sercom_inst_index                     src/ASF/sam0/drivers/sercom/sercom.o
                                                  src/ASF/sam0/drivers/sercom/spi/spi.o
                                                  src/ASF/sam0/drivers/sercom/sercom_interrupt.o
_sercom_get_sync_baud_val                         src/ASF/sam0/drivers/sercom/sercom.o
                                                  src/ASF/sam0/drivers/sercom/spi/spi.o
_sercom_instances                                 src/ASF/sam0/drivers/sercom/sercom_interrupt.o
                                                  src/ASF/sam0/drivers/sercom/spi/spi_interrupt.o
                                                  src/ASF/sam0/drivers/sercom/spi/spi.o
_sercom_set_handler                               src/ASF/sam0/drivers/sercom/sercom_interrupt.o
                                                  src/ASF/sam0/drivers/sercom/spi/spi.o
_sfixed                                           src/ASF/sam0/utils/cmsis/samd21/source/gcc/startup_samd21.o
_spi_interrupt_handler                            src/ASF/sam0/drivers/sercom/spi/spi_interrupt.o
                                                  src/ASF/sam0/drivers/sercom/spi/spi.o
_srelocate                                        src/ASF/sam0/utils/cmsis/samd21/source/gcc/startup_samd21.o
_start                                            c:/program files (x86)/atmel/studio/7.0/toolchain/arm/arm-gnu-toolchain/bin/../lib/gcc/arm-none-eabi/6.2.1/../../../../arm-none-eabi/lib/thumb/v6-m/crt0.o
_system_divas_init                                src/ASF/sam0/drivers/system/system.o
_system_dummy_init                                src/ASF/sam0/drivers/system/system.o
_system_events_init                               src/ASF/sam0/drivers/system/system.o
_system_extint_init                               src/ASF/sam0/drivers/extint/extint_sam_d_r_h/extint.o
_szero                                            src/ASF/sam0/utils/cmsis/samd21/source/gcc/startup_samd21.o
_tcc_apbcmasks                                    src/ASF/sam0/drivers/tcc/tcc.o
_tcc_cc_nums                                      src/ASF/sam0/drivers/tcc/tcc.o
_tcc_exts                                         src/ASF/sam0/drivers/tcc/tcc.o
_tcc_gclk_ids                                     src/ASF/sam0/drivers/tcc/tcc.o
_tcc_get_inst_index                               src/ASF/sam0/drivers/tcc/tcc.o
                                                  src/ASF/sam0/drivers/tcc/tcc_callback.o
_tcc_instances                                    src/ASF/sam0/drivers/tcc/tcc_callback.o
                                                  src/ASF/sam0/drivers/tcc/tcc.o
_tcc_interrupt_handler                            src/ASF/sam0/drivers/tcc/tcc_callback.o
_tcc_intflag                                      src/ASF/sam0/drivers/tcc/tcc_callback.o
_tcc_maxs                                         src/ASF/sam0/drivers/tcc/tcc.o
_tcc_ow_nums                                      src/ASF/sam0/drivers/tcc/tcc.o
_tcc_sizes                                        src/ASF/sam0/drivers/tcc/tcc.o
atexit                                            c:/program files (x86)/atmel/studio/7.0/toolchain/arm/arm-gnu-toolchain/bin/../lib/gcc/arm-none-eabi/6.2.1/../../../../arm-none-eabi/lib/thumb/v6-m/crt0.o
board_init                                        src/ASF/common2/boards/user_board/init.o
configure_spi_slave                               src/main.o
configure_spi_slave_callbacks                     src/main.o
cpu_irq_enter_critical                            src/ASF/common/utils/interrupt/interrupt_sam_nvic.o
                                                  src/ASF/sam0/drivers/system/clock/clock_samd21_r21_da_ha1/gclk.o
cpu_irq_leave_critical                            src/ASF/common/utils/interrupt/interrupt_sam_nvic.o
                                                  src/ASF/sam0/drivers/system/clock/clock_samd21_r21_da_ha1/gclk.o
delay_cycles_ms                                   src/ASF/common2/services/delay/sam0/systick_counter.o
delay_cycles_us                                   src/ASF/common2/services/delay/sam0/systick_counter.o
delay_init                                        src/ASF/common2/services/delay/sam0/systick_counter.o
dummy_write                                       src/ASF/sam0/drivers/sercom/spi/spi_interrupt.o
exception_table                                   src/ASF/sam0/utils/cmsis/samd21/source/gcc/startup_samd21.o
exit                                              c:/program files (x86)/atmel/studio/7.0/toolchain/arm/arm-gnu-toolchain/bin/../lib/gcc/arm-none-eabi/6.2.1/../../../../arm-none-eabi/lib/thumb/v6-m\libc_nano.a(lib_a-exit.o)
                                                  c:/program files (x86)/atmel/studio/7.0/toolchain/arm/arm-gnu-toolchain/bin/../lib/gcc/arm-none-eabi/6.2.1/../../../../arm-none-eabi/lib/thumb/v6-m/crt0.o
extint_chan_disable_callback                      src/ASF/sam0/drivers/extint/extint_callback.o
extint_chan_enable_callback                       src/ASF/sam0/drivers/extint/extint_callback.o
extint_chan_get_config_defaults                   src/ASF/sam0/drivers/extint/extint_sam_d_r_h/extint.o
extint_chan_set_config                            src/ASF/sam0/drivers/extint/extint_sam_d_r_h/extint.o
extint_disable_events                             src/ASF/sam0/drivers/extint/extint_sam_d_r_h/extint.o
extint_enable_events                              src/ASF/sam0/drivers/extint/extint_sam_d_r_h/extint.o
extint_get_current_channel                        src/ASF/sam0/drivers/extint/extint_callback.o
extint_nmi_set_config                             src/ASF/sam0/drivers/extint/extint_sam_d_r_h/extint.o
extint_register_callback                          src/ASF/sam0/drivers/extint/extint_callback.o
extint_unregister_callback                        src/ASF/sam0/drivers/extint/extint_callback.o
g_interrupt_enabled                               src/ASF/common/utils/interrupt/interrupt_sam_nvic.o
                                                  src/ASF/sam0/drivers/usb/stack_interface/usb_device_udd.o
                                                  src/ASF/common/services/usb/class/cdc/device/udi_cdc.o
hardware_init_hook                                c:/program files (x86)/atmel/studio/7.0/toolchain/arm/arm-gnu-toolchain/bin/../lib/gcc/arm-none-eabi/6.2.1/../../../../arm-none-eabi/lib/thumb/v6-m/crt0.o
host_pipe_job_busy_status                         src/ASF/sam0/drivers/usb/usb_sam_d_r/usb.o
link                                              src/ASF/sam0/utils/syscalls/gcc/syscalls.o
main                                              src/main.o
                                                  src/ASF/sam0/utils/cmsis/samd21/source/gcc/startup_samd21.o
                                                  c:/program files (x86)/atmel/studio/7.0/toolchain/arm/arm-gnu-toolchain/bin/../lib/gcc/arm-none-eabi/6.2.1/../../../../arm-none-eabi/lib/thumb/v6-m/crt0.o
memcpy                                            c:/program files (x86)/atmel/studio/7.0/toolchain/arm/arm-gnu-toolchain/bin/../lib/gcc/arm-none-eabi/6.2.1/../../../../arm-none-eabi/lib/thumb/v6-m\libc_nano.a(lib_a-memcpy-stub.o)
                                                  src/ASF/sam0/drivers/usb/stack_interface/usb_device_udd.o
                                                  src/ASF/common/services/usb/class/cdc/device/udi_cdc.o
memset                                            c:/program files (x86)/atmel/studio/7.0/toolchain/arm/arm-gnu-toolchain/bin/../lib/gcc/arm-none-eabi/6.2.1/../../../../arm-none-eabi/lib/thumb/v6-m\libc_nano.a(lib_a-memset.o)
                                                  src/main.o
                                                  src/ASF/sam0/drivers/usb/usb_sam_d_r/usb.o
                                                  c:/program files (x86)/atmel/studio/7.0/toolchain/arm/arm-gnu-toolchain/bin/../lib/gcc/arm-none-eabi/6.2.1/../../../../arm-none-eabi/lib/thumb/v6-m/crt0.o
port_group_set_config                             src/ASF/sam0/drivers/port/port.o
port_pin_set_config                               src/ASF/sam0/drivers/port/port.o
sercom_set_gclk_generator                         src/ASF/sam0/drivers/sercom/sercom.o
                                                  src/ASF/sam0/drivers/sercom/spi/spi.o
sleepmgr_locks                                    src/ASF/common/services/sleepmgr/samd/sleepmgr.o
                                                  src/ASF/sam0/drivers/usb/stack_interface/usb_device_udd.o
software_init_hook                                c:/program files (x86)/atmel/studio/7.0/toolchain/arm/arm-gnu-toolchain/bin/../lib/gcc/arm-none-eabi/6.2.1/../../../../arm-none-eabi/lib/thumb/v6-m/crt0.o
spi_abort_job                                     src/ASF/sam0/drivers/sercom/spi/spi_interrupt.o
spi_init                                          src/ASF/sam0/drivers/sercom/spi/spi.o
                                                  src/main.o
spi_read_buffer_job                               src/ASF/sam0/drivers/sercom/spi/spi_interrupt.o
spi_read_buffer_wait                              src/ASF/sam0/drivers/sercom/spi/spi.o
spi_register_callback                             src/ASF/sam0/drivers/sercom/spi/spi_interrupt.o
                                                  src/main.o
spi_reset                                         src/ASF/sam0/drivers/sercom/spi/spi.o
spi_select_slave                                  src/ASF/sam0/drivers/sercom/spi/spi.o
spi_set_baudrate                                  src/ASF/sam0/drivers/sercom/spi/spi.o
spi_slave_instance                                src/main.o
spi_transceive_buffer_job                         src/ASF/sam0/drivers/sercom/spi/spi_interrupt.o
spi_transceive_buffer_wait                        src/ASF/sam0/drivers/sercom/spi/spi.o
spi_transceive_wait                               src/ASF/sam0/drivers/sercom/spi/spi.o
spi_unregister_callback                           src/ASF/sam0/drivers/sercom/spi/spi_interrupt.o
spi_write_buffer_job                              src/ASF/sam0/drivers/sercom/spi/spi_interrupt.o
spi_write_buffer_wait                             src/ASF/sam0/drivers/sercom/spi/spi.o
system_board_init                                 src/ASF/common2/boards/user_board/init.o
system_clock_init                                 src/ASF/sam0/drivers/system/clock/clock_samd21_r21_da_ha1/clock.o
system_clock_source_dfll_set_config               src/ASF/sam0/drivers/system/clock/clock_samd21_r21_da_ha1/clock.o
system_clock_source_disable                       src/ASF/sam0/drivers/system/clock/clock_samd21_r21_da_ha1/clock.o
system_clock_source_dpll_set_config               src/ASF/sam0/drivers/system/clock/clock_samd21_r21_da_ha1/clock.o
system_clock_source_enable                        src/ASF/sam0/drivers/system/clock/clock_samd21_r21_da_ha1/clock.o
system_clock_source_get_hz                        src/ASF/sam0/drivers/system/clock/clock_samd21_r21_da_ha1/clock.o
                                                  src/ASF/sam0/drivers/system/clock/clock_samd21_r21_da_ha1/gclk.o
system_clock_source_is_ready                      src/ASF/sam0/drivers/system/clock/clock_samd21_r21_da_ha1/clock.o
system_clock_source_osc32k_set_config             src/ASF/sam0/drivers/system/clock/clock_samd21_r21_da_ha1/clock.o
system_clock_source_osc8m_set_config              src/ASF/sam0/drivers/system/clock/clock_samd21_r21_da_ha1/clock.o
system_clock_source_write_calibration             src/ASF/sam0/drivers/system/clock/clock_samd21_r21_da_ha1/clock.o
system_clock_source_xosc32k_set_config            src/ASF/sam0/drivers/system/clock/clock_samd21_r21_da_ha1/clock.o
system_clock_source_xosc_set_config               src/ASF/sam0/drivers/system/clock/clock_samd21_r21_da_ha1/clock.o
system_gclk_chan_disable                          src/ASF/sam0/drivers/system/clock/clock_samd21_r21_da_ha1/gclk.o
                                                  src/ASF/sam0/drivers/extint/extint_sam_d_r_h/extint.o
system_gclk_chan_enable                           src/ASF/sam0/drivers/system/clock/clock_samd21_r21_da_ha1/gclk.o
                                                  src/ASF/sam0/drivers/usb/usb_sam_d_r/usb.o
                                                  src/ASF/sam0/drivers/tcc/tcc.o
                                                  src/ASF/sam0/drivers/sercom/spi/spi.o
                                                  src/ASF/sam0/drivers/sercom/sercom.o
                                                  src/ASF/sam0/drivers/extint/extint_sam_d_r_h/extint.o
system_gclk_chan_get_hz                           src/ASF/sam0/drivers/system/clock/clock_samd21_r21_da_ha1/gclk.o
                                                  src/ASF/sam0/drivers/system/clock/clock_samd21_r21_da_ha1/clock.o
                                                  src/ASF/sam0/drivers/sercom/spi/spi.o
system_gclk_chan_is_enabled                       src/ASF/sam0/drivers/system/clock/clock_samd21_r21_da_ha1/gclk.o
system_gclk_chan_is_locked                        src/ASF/sam0/drivers/system/clock/clock_samd21_r21_da_ha1/gclk.o
system_gclk_chan_lock                             src/ASF/sam0/drivers/system/clock/clock_samd21_r21_da_ha1/gclk.o
system_gclk_chan_set_config                       src/ASF/sam0/drivers/system/clock/clock_samd21_r21_da_ha1/gclk.o
                                                  src/ASF/sam0/drivers/system/clock/clock_samd21_r21_da_ha1/clock.o
                                                  src/ASF/sam0/drivers/usb/usb_sam_d_r/usb.o
                                                  src/ASF/sam0/drivers/tcc/tcc.o
                                                  src/ASF/sam0/drivers/sercom/spi/spi.o
                                                  src/ASF/sam0/drivers/sercom/sercom.o
                                                  src/ASF/sam0/drivers/extint/extint_sam_d_r_h/extint.o
system_gclk_gen_disable                           src/ASF/sam0/drivers/system/clock/clock_samd21_r21_da_ha1/gclk.o
system_gclk_gen_enable                            src/ASF/sam0/drivers/system/clock/clock_samd21_r21_da_ha1/gclk.o
                                                  src/ASF/sam0/drivers/system/clock/clock_samd21_r21_da_ha1/clock.o
system_gclk_gen_get_hz                            src/ASF/sam0/drivers/system/clock/clock_samd21_r21_da_ha1/gclk.o
                                                  src/ASF/common2/services/delay/sam0/systick_counter.o
system_gclk_gen_is_enabled                        src/ASF/sam0/drivers/system/clock/clock_samd21_r21_da_ha1/gclk.o
system_gclk_gen_set_config                        src/ASF/sam0/drivers/system/clock/clock_samd21_r21_da_ha1/gclk.o
                                                  src/ASF/sam0/drivers/system/clock/clock_samd21_r21_da_ha1/clock.o
system_gclk_init                                  src/ASF/sam0/drivers/system/clock/clock_samd21_r21_da_ha1/gclk.o
                                                  src/ASF/sam0/drivers/system/clock/clock_samd21_r21_da_ha1/clock.o
system_init                                       src/ASF/sam0/drivers/system/system.o
                                                  src/main.o
system_interrupt_clear_pending                    src/ASF/sam0/drivers/system/interrupt/system_interrupt.o
system_interrupt_get_priority                     src/ASF/sam0/drivers/system/interrupt/system_interrupt.o
system_interrupt_is_pending                       src/ASF/sam0/drivers/system/interrupt/system_interrupt.o
system_interrupt_set_pending                      src/ASF/sam0/drivers/system/interrupt/system_interrupt.o
system_interrupt_set_priority                     src/ASF/sam0/drivers/system/interrupt/system_interrupt.o
system_pinmux_group_set_config                    src/ASF/sam0/drivers/system/pinmux/pinmux.o
                                                  src/ASF/sam0/drivers/port/port.o
system_pinmux_group_set_input_sample_mode         src/ASF/sam0/drivers/system/pinmux/pinmux.o
system_pinmux_group_set_output_strength           src/ASF/sam0/drivers/system/pinmux/pinmux.o
system_pinmux_pin_set_config                      src/ASF/sam0/drivers/system/pinmux/pinmux.o
                                                  src/ASF/sam0/drivers/port/port.o
                                                  src/ASF/sam0/drivers/usb/usb_sam_d_r/usb.o
                                                  src/ASF/sam0/drivers/tcc/tcc.o
                                                  src/ASF/sam0/drivers/sercom/spi/spi.o
                                                  src/ASF/sam0/drivers/extint/extint_sam_d_r_h/extint.o
tcc_clear_status                                  src/ASF/sam0/drivers/tcc/tcc.o
tcc_disable_callback                              src/ASF/sam0/drivers/tcc/tcc_callback.o
tcc_disable_circular_buffer_compare               src/ASF/sam0/drivers/tcc/tcc.o
tcc_disable_events                                src/ASF/sam0/drivers/tcc/tcc.o
tcc_enable_callback                               src/ASF/sam0/drivers/tcc/tcc_callback.o
tcc_enable_circular_buffer_compare                src/ASF/sam0/drivers/tcc/tcc.o
tcc_enable_events                                 src/ASF/sam0/drivers/tcc/tcc.o
tcc_get_capture_value                             src/ASF/sam0/drivers/tcc/tcc.o
tcc_get_config_defaults                           src/ASF/sam0/drivers/tcc/tcc.o
                                                  src/main.o
tcc_get_count_value                               src/ASF/sam0/drivers/tcc/tcc.o
tcc_get_status                                    src/ASF/sam0/drivers/tcc/tcc.o
tcc_init                                          src/ASF/sam0/drivers/tcc/tcc.o
                                                  src/main.o
tcc_modules                                       src/ASF/sam0/drivers/tcc/tcc.o
tcc_register_callback                             src/ASF/sam0/drivers/tcc/tcc_callback.o
tcc_set_compare_value                             src/ASF/sam0/drivers/tcc/tcc.o
tcc_set_count_value                               src/ASF/sam0/drivers/tcc/tcc.o
tcc_set_double_buffer_compare_values              src/ASF/sam0/drivers/tcc/tcc.o
tcc_set_double_buffer_top_values                  src/ASF/sam0/drivers/tcc/tcc.o
tcc_set_pattern                                   src/ASF/sam0/drivers/tcc/tcc.o
tcc_set_top_value                                 src/ASF/sam0/drivers/tcc/tcc.o
tcc_steering                                      src/main.o
tcc_throttle                                      src/main.o
tcc_unregister_callback                           src/ASF/sam0/drivers/tcc/tcc_callback.o
transfer_complete_spi_slave                       src/main.o
udc_config                                        src/ASF/common/services/usb/class/cdc/device/udi_cdc_desc.o
                                                  src/ASF/common/services/usb/udc/udc.o
udc_config_fs                                     src/ASF/common/services/usb/class/cdc/device/udi_cdc_desc.o
udc_desc_fs                                       src/ASF/common/services/usb/class/cdc/device/udi_cdc_desc.o
udc_device_desc                                   src/ASF/common/services/usb/class/cdc/device/udi_cdc_desc.o
udc_device_lpm                                    src/ASF/common/services/usb/class/cdc/device/udi_cdc_desc.o
udc_get_interface_desc                            src/ASF/common/services/usb/udc/udc.o
udc_process_setup                                 src/ASF/common/services/usb/udc/udc.o
                                                  src/ASF/sam0/drivers/usb/stack_interface/usb_device_udd.o
udc_reset                                         src/ASF/common/services/usb/udc/udc.o
                                                  src/ASF/sam0/drivers/usb/stack_interface/usb_device_udd.o
udc_sof_notify                                    src/ASF/common/services/usb/udc/udc.o
                                                  src/ASF/sam0/drivers/usb/stack_interface/usb_device_udd.o
udc_start                                         src/ASF/common/services/usb/udc/udc.o
udc_stop                                          src/ASF/common/services/usb/udc/udc.o
udd_attach                                        src/ASF/sam0/drivers/usb/stack_interface/usb_device_udd.o
udd_ctrl_buffer                                   src/ASF/sam0/drivers/usb/stack_interface/usb_device_udd.o
udd_detach                                        src/ASF/sam0/drivers/usb/stack_interface/usb_device_udd.o
udd_disable                                       src/ASF/sam0/drivers/usb/stack_interface/usb_device_udd.o
                                                  src/ASF/common/services/usb/udc/udc.o
udd_enable                                        src/ASF/sam0/drivers/usb/stack_interface/usb_device_udd.o
                                                  src/ASF/common/services/usb/udc/udc.o
udd_ep_abort                                      src/ASF/sam0/drivers/usb/stack_interface/usb_device_udd.o
                                                  src/ASF/common/services/usb/udc/udc.o
udd_ep_alloc                                      src/ASF/sam0/drivers/usb/stack_interface/usb_device_udd.o
                                                  src/ASF/common/services/usb/udc/udc.o
udd_ep_clear_halt                                 src/ASF/sam0/drivers/usb/stack_interface/usb_device_udd.o
                                                  src/ASF/common/services/usb/udc/udc.o
udd_ep_free                                       src/ASF/sam0/drivers/usb/stack_interface/usb_device_udd.o
                                                  src/ASF/common/services/usb/udc/udc.o
udd_ep_is_halted                                  src/ASF/sam0/drivers/usb/stack_interface/usb_device_udd.o
                                                  src/ASF/common/services/usb/udc/udc.o
udd_ep_out_cache_buffer                           src/ASF/sam0/drivers/usb/stack_interface/usb_device_udd.o
udd_ep_run                                        src/ASF/sam0/drivers/usb/stack_interface/usb_device_udd.o
                                                  src/ASF/common/services/usb/class/cdc/device/udi_cdc.o
udd_ep_set_halt                                   src/ASF/sam0/drivers/usb/stack_interface/usb_device_udd.o
                                                  src/ASF/common/services/usb/udc/udc.o
udd_ep_wait_stall_clear                           src/ASF/sam0/drivers/usb/stack_interface/usb_device_udd.o
udd_g_ctrlreq                                     src/ASF/sam0/drivers/usb/stack_interface/usb_device_udd.o
                                                  src/ASF/common/services/usb/udc/udc.o
                                                  src/ASF/common/services/usb/class/cdc/device/udi_cdc.o
udd_get_frame_number                              src/ASF/sam0/drivers/usb/stack_interface/usb_device_udd.o
                                                  src/ASF/common/services/usb/class/cdc/device/udi_cdc.o
udd_get_micro_frame_number                        src/ASF/sam0/drivers/usb/stack_interface/usb_device_udd.o
                                                  src/ASF/common/services/usb/class/cdc/device/udi_cdc.o
udd_getaddress                                    src/ASF/sam0/drivers/usb/stack_interface/usb_device_udd.o
                                                  src/ASF/common/services/usb/udc/udc.o
udd_include_vbus_monitoring                       src/ASF/sam0/drivers/usb/stack_interface/usb_device_udd.o
udd_is_high_speed                                 src/ASF/sam0/drivers/usb/stack_interface/usb_device_udd.o
                                                  src/ASF/common/services/usb/class/cdc/device/udi_cdc.o
udd_send_remotewakeup                             src/ASF/sam0/drivers/usb/stack_interface/usb_device_udd.o
udd_set_address                                   src/ASF/sam0/drivers/usb/stack_interface/usb_device_udd.o
                                                  src/ASF/common/services/usb/udc/udc.o
udd_set_setup_payload                             src/ASF/sam0/drivers/usb/stack_interface/usb_device_udd.o
                                                  src/ASF/common/services/usb/udc/udc.o
udi_api_cdc_comm                                  src/ASF/common/services/usb/class/cdc/device/udi_cdc.o
                                                  src/ASF/common/services/usb/class/cdc/device/udi_cdc_desc.o
udi_api_cdc_data                                  src/ASF/common/services/usb/class/cdc/device/udi_cdc.o
                                                  src/ASF/common/services/usb/class/cdc/device/udi_cdc_desc.o
udi_apis                                          src/ASF/common/services/usb/class/cdc/device/udi_cdc_desc.o
udi_cdc_comm_disable                              src/ASF/common/services/usb/class/cdc/device/udi_cdc.o
udi_cdc_comm_enable                               src/ASF/common/services/usb/class/cdc/device/udi_cdc.o
udi_cdc_comm_setup                                src/ASF/common/services/usb/class/cdc/device/udi_cdc.o
udi_cdc_ctrl_signal_dcd                           src/ASF/common/services/usb/class/cdc/device/udi_cdc.o
udi_cdc_ctrl_signal_dsr                           src/ASF/common/services/usb/class/cdc/device/udi_cdc.o
udi_cdc_data_disable                              src/ASF/common/services/usb/class/cdc/device/udi_cdc.o
udi_cdc_data_enable                               src/ASF/common/services/usb/class/cdc/device/udi_cdc.o
udi_cdc_data_setup                                src/ASF/common/services/usb/class/cdc/device/udi_cdc.o
udi_cdc_data_sof_notify                           src/ASF/common/services/usb/class/cdc/device/udi_cdc.o
udi_cdc_get_free_tx_buffer                        src/ASF/common/services/usb/class/cdc/device/udi_cdc.o
udi_cdc_get_nb_received_data                      src/ASF/common/services/usb/class/cdc/device/udi_cdc.o
udi_cdc_getc                                      src/ASF/common/services/usb/class/cdc/device/udi_cdc.o
udi_cdc_getsetting                                src/ASF/common/services/usb/class/cdc/device/udi_cdc.o
udi_cdc_is_rx_ready                               src/ASF/common/services/usb/class/cdc/device/udi_cdc.o
udi_cdc_is_tx_ready                               src/ASF/common/services/usb/class/cdc/device/udi_cdc.o
udi_cdc_multi_ctrl_signal_dcd                     src/ASF/common/services/usb/class/cdc/device/udi_cdc.o
udi_cdc_multi_ctrl_signal_dsr                     src/ASF/common/services/usb/class/cdc/device/udi_cdc.o
udi_cdc_multi_get_free_tx_buffer                  src/ASF/common/services/usb/class/cdc/device/udi_cdc.o
udi_cdc_multi_get_nb_received_data                src/ASF/common/services/usb/class/cdc/device/udi_cdc.o
udi_cdc_multi_getc                                src/ASF/common/services/usb/class/cdc/device/udi_cdc.o
udi_cdc_multi_is_rx_ready                         src/ASF/common/services/usb/class/cdc/device/udi_cdc.o
udi_cdc_multi_is_tx_ready                         src/ASF/common/services/usb/class/cdc/device/udi_cdc.o
udi_cdc_multi_putc                                src/ASF/common/services/usb/class/cdc/device/udi_cdc.o
udi_cdc_multi_read_buf                            src/ASF/common/services/usb/class/cdc/device/udi_cdc.o
udi_cdc_multi_signal_framing_error                src/ASF/common/services/usb/class/cdc/device/udi_cdc.o
udi_cdc_multi_signal_overrun                      src/ASF/common/services/usb/class/cdc/device/udi_cdc.o
udi_cdc_multi_signal_parity_error                 src/ASF/common/services/usb/class/cdc/device/udi_cdc.o
udi_cdc_multi_write_buf                           src/ASF/common/services/usb/class/cdc/device/udi_cdc.o
udi_cdc_putc                                      src/ASF/common/services/usb/class/cdc/device/udi_cdc.o
udi_cdc_read_buf                                  src/ASF/common/services/usb/class/cdc/device/udi_cdc.o
udi_cdc_read_no_polling                           src/ASF/common/services/usb/class/cdc/device/udi_cdc.o
udi_cdc_signal_framing_error                      src/ASF/common/services/usb/class/cdc/device/udi_cdc.o
udi_cdc_signal_overrun                            src/ASF/common/services/usb/class/cdc/device/udi_cdc.o
udi_cdc_signal_parity_error                       src/ASF/common/services/usb/class/cdc/device/udi_cdc.o
udi_cdc_write_buf                                 src/ASF/common/services/usb/class/cdc/device/udi_cdc.o
usb_descriptor_table                              src/ASF/sam0/drivers/usb/usb_sam_d_r/usb.o
usb_device                                        src/ASF/sam0/drivers/usb/stack_interface/usb_device_udd.o
usb_device_disable_callback                       src/ASF/sam0/drivers/usb/usb_sam_d_r/usb.o
                                                  src/ASF/sam0/drivers/usb/stack_interface/usb_device_udd.o
usb_device_enable_callback                        src/ASF/sam0/drivers/usb/usb_sam_d_r/usb.o
                                                  src/ASF/sam0/drivers/usb/stack_interface/usb_device_udd.o
usb_device_endpoint_abort_job                     src/ASF/sam0/drivers/usb/usb_sam_d_r/usb.o
                                                  src/ASF/sam0/drivers/usb/stack_interface/usb_device_udd.o
usb_device_endpoint_clear_halt                    src/ASF/sam0/drivers/usb/usb_sam_d_r/usb.o
                                                  src/ASF/sam0/drivers/usb/stack_interface/usb_device_udd.o
usb_device_endpoint_disable_callback              src/ASF/sam0/drivers/usb/usb_sam_d_r/usb.o
                                                  src/ASF/sam0/drivers/usb/stack_interface/usb_device_udd.o
usb_device_endpoint_enable_callback               src/ASF/sam0/drivers/usb/usb_sam_d_r/usb.o
                                                  src/ASF/sam0/drivers/usb/stack_interface/usb_device_udd.o
usb_device_endpoint_get_config_defaults           src/ASF/sam0/drivers/usb/usb_sam_d_r/usb.o
                                                  src/ASF/sam0/drivers/usb/stack_interface/usb_device_udd.o
usb_device_endpoint_is_configured                 src/ASF/sam0/drivers/usb/usb_sam_d_r/usb.o
                                                  src/ASF/sam0/drivers/usb/stack_interface/usb_device_udd.o
usb_device_endpoint_is_halted                     src/ASF/sam0/drivers/usb/usb_sam_d_r/usb.o
                                                  src/ASF/sam0/drivers/usb/stack_interface/usb_device_udd.o
usb_device_endpoint_read_buffer_job               src/ASF/sam0/drivers/usb/usb_sam_d_r/usb.o
                                                  src/ASF/sam0/drivers/usb/stack_interface/usb_device_udd.o
usb_device_endpoint_register_callback             src/ASF/sam0/drivers/usb/usb_sam_d_r/usb.o
                                                  src/ASF/sam0/drivers/usb/stack_interface/usb_device_udd.o
usb_device_endpoint_set_config                    src/ASF/sam0/drivers/usb/usb_sam_d_r/usb.o
                                                  src/ASF/sam0/drivers/usb/stack_interface/usb_device_udd.o
usb_device_endpoint_set_halt                      src/ASF/sam0/drivers/usb/usb_sam_d_r/usb.o
                                                  src/ASF/sam0/drivers/usb/stack_interface/usb_device_udd.o
usb_device_endpoint_setup_buffer_job              src/ASF/sam0/drivers/usb/usb_sam_d_r/usb.o
                                                  src/ASF/sam0/drivers/usb/stack_interface/usb_device_udd.o
usb_device_endpoint_unregister_callback           src/ASF/sam0/drivers/usb/usb_sam_d_r/usb.o
                                                  src/ASF/sam0/drivers/usb/stack_interface/usb_device_udd.o
usb_device_endpoint_write_buffer_job              src/ASF/sam0/drivers/usb/usb_sam_d_r/usb.o
                                                  src/ASF/sam0/drivers/usb/stack_interface/usb_device_udd.o
usb_device_register_callback                      src/ASF/sam0/drivers/usb/usb_sam_d_r/usb.o
                                                  src/ASF/sam0/drivers/usb/stack_interface/usb_device_udd.o
usb_device_unregister_callback                    src/ASF/sam0/drivers/usb/usb_sam_d_r/usb.o
usb_disable                                       src/ASF/sam0/drivers/usb/usb_sam_d_r/usb.o
usb_dual_disable                                  src/ASF/sam0/drivers/usb/stack_interface/usb_dual.o
                                                  src/ASF/sam0/drivers/usb/stack_interface/usb_device_udd.o
usb_dual_enable                                   src/ASF/sam0/drivers/usb/stack_interface/usb_dual.o
usb_enable                                        src/ASF/sam0/drivers/usb/usb_sam_d_r/usb.o
                                                  src/ASF/sam0/drivers/usb/stack_interface/usb_device_udd.o
usb_get_config_defaults                           src/ASF/sam0/drivers/usb/usb_sam_d_r/usb.o
                                                  src/ASF/sam0/drivers/usb/stack_interface/usb_device_udd.o
usb_host_disable_callback                         src/ASF/sam0/drivers/usb/usb_sam_d_r/usb.o
usb_host_enable_callback                          src/ASF/sam0/drivers/usb/usb_sam_d_r/usb.o
usb_host_pipe_abort_job                           src/ASF/sam0/drivers/usb/usb_sam_d_r/usb.o
usb_host_pipe_disable_callback                    src/ASF/sam0/drivers/usb/usb_sam_d_r/usb.o
usb_host_pipe_enable_callback                     src/ASF/sam0/drivers/usb/usb_sam_d_r/usb.o
usb_host_pipe_get_config                          src/ASF/sam0/drivers/usb/usb_sam_d_r/usb.o
usb_host_pipe_get_config_defaults                 src/ASF/sam0/drivers/usb/usb_sam_d_r/usb.o
usb_host_pipe_lpm_job                             src/ASF/sam0/drivers/usb/usb_sam_d_r/usb.o
usb_host_pipe_read_job                            src/ASF/sam0/drivers/usb/usb_sam_d_r/usb.o
usb_host_pipe_register_callback                   src/ASF/sam0/drivers/usb/usb_sam_d_r/usb.o
usb_host_pipe_set_auto_zlp                        src/ASF/sam0/drivers/usb/usb_sam_d_r/usb.o
usb_host_pipe_set_config                          src/ASF/sam0/drivers/usb/usb_sam_d_r/usb.o
usb_host_pipe_setup_job                           src/ASF/sam0/drivers/usb/usb_sam_d_r/usb.o
usb_host_pipe_unregister_callback                 src/ASF/sam0/drivers/usb/usb_sam_d_r/usb.o
usb_host_pipe_write_job                           src/ASF/sam0/drivers/usb/usb_sam_d_r/usb.o
usb_host_register_callback                        src/ASF/sam0/drivers/usb/usb_sam_d_r/usb.o
usb_host_unregister_callback                      src/ASF/sam0/drivers/usb/usb_sam_d_r/usb.o
usb_init                                          src/ASF/sam0/drivers/usb/usb_sam_d_r/usb.o
                                                  src/ASF/sam0/drivers/usb/stack_interface/usb_device_udd.o
